Archive member included to satisfy reference by file (symbol)

../kernel/libkernel.a(start.o)
                              (_start)
../kernel/libkernel.a(platform.o)
                              ../kernel/libkernel.a(start.o) (bad_exception)
../kernel/libkernel.a(console.o)
                              main.o (initscr)
../kernel/libkernel.a(fb.o)   main.o (fb_init)
../kernel/libkernel.a(syscalls.o)
                              main.o (mount)
../kernel/libkernel.a(usb.o)  main.o (getch)
../kernel/libkernel.a(uspilibrary.o)
                              ../kernel/libkernel.a(usb.o) (USPiInitialize)
../kernel/libkernel.a(uspios.o)
                              main.o (USPiInterruptHandler)
../kernel/libkernel.a(ff.o)   ../kernel/libkernel.a(syscalls.o) (f_mount)
../kernel/libkernel.a(ccsbcs.o)
                              ../kernel/libkernel.a(ff.o) (ff_convert)
../kernel/libkernel.a(syscall.o)
                              ../kernel/libkernel.a(ff.o) (ff_memalloc)
../kernel/libkernel.a(devicenameservice.o)
                              ../kernel/libkernel.a(uspilibrary.o) (DeviceNameService)
../kernel/libkernel.a(dwhcidevice.o)
                              ../kernel/libkernel.a(uspilibrary.o) (DWHCIDevice)
../kernel/libkernel.a(dwhciregister.o)
                              ../kernel/libkernel.a(dwhcidevice.o) (DWHCIRegister)
../kernel/libkernel.a(dwhcirootport.o)
                              ../kernel/libkernel.a(dwhcidevice.o) (DWHCIRootPort)
../kernel/libkernel.a(dwhcixferstagedata.o)
                              ../kernel/libkernel.a(dwhcidevice.o) (_DWHCITransferStageData)
../kernel/libkernel.a(macaddress.o)
                              ../kernel/libkernel.a(uspilibrary.o) (MACAddressCopyTo)
../kernel/libkernel.a(smsc951x.o)
                              ../kernel/libkernel.a(uspilibrary.o) (SMSC951xDeviceGetMACAddress)
../kernel/libkernel.a(string.o)
                              ../kernel/libkernel.a(uspilibrary.o) (String)
../kernel/libkernel.a(usbdevice.o)
                              ../kernel/libkernel.a(smsc951x.o) (USBDeviceConfigure)
../kernel/libkernel.a(usbdevicefactory.o)
                              ../kernel/libkernel.a(dwhcirootport.o) (USBDeviceFactoryGetDevice)
../kernel/libkernel.a(usbendpoint.o)
                              ../kernel/libkernel.a(usbdevice.o) (USBEndpoint)
../kernel/libkernel.a(usbgamepad.o)
                              ../kernel/libkernel.a(usbdevicefactory.o) (USBGamePadDevice)
../kernel/libkernel.a(usbkeyboard.o)
                              ../kernel/libkernel.a(usbdevicefactory.o) (USBKeyboardDevice)
../kernel/libkernel.a(usbmassdevice.o)
                              ../kernel/libkernel.a(usbdevicefactory.o) (USBBulkOnlyMassStorageDevice)
../kernel/libkernel.a(usbmouse.o)
                              ../kernel/libkernel.a(usbdevicefactory.o) (USBMouseDevice)
../kernel/libkernel.a(usbrequest.o)
                              ../kernel/libkernel.a(dwhcidevice.o) (USBRequest)
../kernel/libkernel.a(usbstandardhub.o)
                              ../kernel/libkernel.a(usbdevicefactory.o) (USBStandardHub)
../kernel/libkernel.a(usbstring.o)
                              ../kernel/libkernel.a(usbdevice.o) (USBString)
../kernel/libkernel.a(util.o)
                              ../kernel/libkernel.a(macaddress.o) (uspi_memset)
../kernel/libkernel.a(synchronize.o)
                              ../kernel/libkernel.a(uspios.o) (uspi_EnterCritical)
../kernel/libkernel.a(diskio.o)
                              ../kernel/libkernel.a(ff.o) (disk_status)
../kernel/libkernel.a(dwhciframeschednper.o)
                              ../kernel/libkernel.a(dwhcixferstagedata.o) (DWHCIFrameSchedulerNonPeriodic)
../kernel/libkernel.a(dwhciframeschednsplit.o)
                              ../kernel/libkernel.a(dwhcixferstagedata.o) (DWHCIFrameSchedulerNoSplit)
../kernel/libkernel.a(dwhciframeschedper.o)
                              ../kernel/libkernel.a(dwhcixferstagedata.o) (DWHCIFrameSchedulerPeriodic)
../kernel/libkernel.a(keymap.o)
                              ../kernel/libkernel.a(usbkeyboard.o) (KeyMap)
../kernel/libkernel.a(usbconfigparser.o)
                              ../kernel/libkernel.a(usbdevice.o) (USBConfigurationParser)
../kernel/libkernel.a(emmc.o)
                              ../kernel/libkernel.a(diskio.o) (sd_card_init)
/home/ich/arm-none-eabi/bin/../lib/gcc/arm-none-eabi/13.2.1/libgcc.a(_udivsi3.o)
                              ../kernel/libkernel.a(ff.o) (__aeabi_uidiv)
/home/ich/arm-none-eabi/bin/../lib/gcc/arm-none-eabi/13.2.1/libgcc.a(_divsi3.o)
                              ../kernel/libkernel.a(ff.o) (__aeabi_idiv)
/home/ich/arm-none-eabi/bin/../lib/gcc/arm-none-eabi/13.2.1/libgcc.a(_dvmd_tls.o)
                              /home/ich/arm-none-eabi/bin/../lib/gcc/arm-none-eabi/13.2.1/libgcc.a(_udivsi3.o) (__aeabi_idiv0)
/home/ich/arm-none-eabi/bin/../lib/gcc/arm-none-eabi/13.2.1/libgcc.a(_aeabi_ldivmod.o)
[...]
Memory Configuration

Name             Origin             Length             Attributes
*default*        0x00000000         0xffffffff

Linker script and memory map

LOAD ../kernel/libkernel.a
LOAD main.o
LOAD ../kernel/libkernel.a
LOAD /home/ich/arm-none-eabi/bin/../lib/gcc/arm-none-eabi/13.2.1/../../../../arm-none-eabi/lib/libstdc++.a
LOAD /home/ich/arm-none-eabi/bin/../lib/gcc/arm-none-eabi/13.2.1/../../../../arm-none-eabi/lib/libm.a
START GROUP
LOAD /home/ich/arm-none-eabi/bin/../lib/gcc/arm-none-eabi/13.2.1/libgcc.a
LOAD /home/ich/arm-none-eabi/bin/../lib/gcc/arm-none-eabi/13.2.1/../../../../arm-none-eabi/lib/libc.a
END GROUP
                0x00008000                        . = 0x8000

.text           0x00008000    0x35808
 *(.text*)
 .text          0x00008000      0x188 ../kernel/libkernel.a(start.o)
                0x00008000                _start
                0x00008110                dmb
                0x0000811c                dsb
                0x00008128                flush_cache
 .text          0x00008188      0x228 ../kernel/libkernel.a(platform.o)
                0x00008188                bad_exception
                0x0000818c                interrupt_swi
                0x00008190                interrupt_prefetch_abort
                0x00008194                interrupt_data_abort
                0x00008198                mmio_write
                0x000081b4                mmio_read
                0x000081c8                mbox_write
                0x00008208                mbox_read
                0x00008244                usleep
                0x00008294                register_timer
                0x000082e4                compare_timer
                0x00008354                sleep
 .text          0x000083b0      0x184 main.o
                0x000083b0                interrupt_irq
                0x000083c0                rand
                0x00008430                check_array
                0x00008468                shuffle_list
                0x000084f4                do_flip
 .text.startup  0x00008534      0x278 main.o
                0x00008534                main
 .text          0x000087ac      0x7ac ../kernel/libkernel.a(console.o)
                0x00008890                initscr
                0x00008918                refresh
                0x0000891c                toggle_cursor
                0x00008a0c                hide_cursor
                0x00008aac                addch
                0x00008c40                addstr
                0x00008c78                move
                0x00008cdc                clear
                0x00008d7c                mvaddstr
                0x00008de8                mvaddch
                0x00008e54                addstrf
                0x00008ebc                mvaddstrf
 .text          0x00008f58      0x640 ../kernel/libkernel.a(fb.o)
                0x00008f58                fb_init
                0x00009140                fb_wait_vsync
                0x00009190                fb_get_pixel_address
                0x000091a8                fb_draw_rectangle
                0x000092b0                fb_fill_rectangle
                0x00009380                fb_begin_doublebuffer
                0x000093a0                fb_end_doublebuffer
                0x000093bc                fb_flip
                0x0000947c                fb_blit
                0x00009508                fb_blit_colorkey
 .text          0x00009598      0x92c ../kernel/libkernel.a(syscalls.o)
                0x00009598                _sbrk
                0x000095d8                _stat
                0x000096c8                _fstat
                0x0000974c                _isatty
                0x000097a0                _open
                0x000098c0                _read
                0x00009944                _write
                0x000099c8                _lseek
                0x00009a6c                _close
                0x00009ae8                _exit
                0x00009aec                _getpid
                0x00009af4                _kill
                0x00009af8                _unlink
                0x00009b3c                _system
                0x00009b60                _rename
                0x00009ba4                mkdir
                0x00009be8                getcwd
                0x00009c30                chdir
                0x00009c74                ftruncate
                0x00009cf0                mount
                0x00009dac                umount
                0x00009e4c                _fini
                0x00009e50                _gettimeofday
                0x00009ea4                LogWrite
                0x00009eb0                uspi_assertion_failed
                0x00009eb4                DebugHexdump
                0x00009eb8                log_printf
 .text          0x00009ec4      0x32c ../kernel/libkernel.a(usb.o)
                0x0000a164                getch
                0x0000a1ac                usb_init
                0x0000a1c4                keyboard_init
 .text          0x0000a1f0      0xaa8 ../kernel/libkernel.a(uspilibrary.o)
                0x0000a1f0                USPiInitialize
                0x0000a3f4                USPiKeyboardAvailable
                0x0000a418                USPiKeyboardRegisterKeyPressedHandler
                0x0000a49c                USPiKeyboardRegisterShutdownHandler
                0x0000a520                USPiKeyboardRegisterKeyStatusHandlerRaw
                0x0000a5a4                USPiMouseAvailable
                0x0000a5c8                USPiMouseRegisterStatusHandler
                0x0000a64c                USPiMassStorageDeviceAvailable
                0x0000a68c                USPiMassStorageDeviceRead
                0x0000a728                USPiMassStorageDeviceWrite
                0x0000a7c4                USPiMassStorageDeviceGetCapacity
                0x0000a828                USPiEthernetAvailable
                0x0000a84c                USPiGetMACAddress
                0x0000a90c                USPiSendFrame
                0x0000a998                USPiReceiveFrame
                0x0000aa24                USPiGamePadAvailable
                0x0000aa64                USPiGamePadRegisterStatusHandler
                0x0000aae0                USPiGamePadGetStatus
                0x0000ab60                USPiDeviceGetInformation
 .text          0x0000ac98      0x678 ../kernel/libkernel.a(uspios.o)
                0x0000adac                SetPowerStateOn
                0x0000ae68                GetMACAddress
                0x0000af50                usDelay
                0x0000afac                MsDelay
                0x0000b014                ConnectInterrupt
                0x0000b0f8                USPiInterruptHandler
                0x0000b180                TimerInitialize
                0x0000b224                StartKernelTimer
                0x0000b2c8                CancelKernelTimer
 .text          0x0000b310     0x4774 ../kernel/libkernel.a(ff.o)
                0x0000d764                clust2sect
                0x0000d788                get_fat
                0x0000d7a8                put_fat
                0x0000d7c8                f_mount
                0x0000d85c                f_open
                0x0000dabc                f_read
                0x0000ddc0                f_write
                0x0000e0fc                f_sync
                0x0000e270                f_close
                0x0000e298                f_chdrive
                0x0000e2cc                f_chdir
                0x0000e39c                f_getcwd
                0x0000e624                f_lseek
                0x0000e8f0                f_opendir
                0x0000e9e8                f_closedir
                0x0000ea44                f_readdir
                0x0000eafc                f_stat
                0x0000eb9c                f_getfree
                0x0000ed3c                f_truncate
                0x0000eeac                f_unlink
                0x0000f028                f_mkdir
                0x0000f2e4                f_chmod
                0x0000f3b0                f_rename
                0x0000f5c8                f_utime
                0x0000f6a0                f_getlabel
                0x0000f838                f_setlabel
 .text          0x0000fa84       0xa8 ../kernel/libkernel.a(ccsbcs.o)
                0x0000fa84                ff_convert
                0x0000faec                ff_wtoupper
 .text          0x0000fb2c        0x8 ../kernel/libkernel.a(syscall.o)
                0x0000fb2c                ff_memalloc
                0x0000fb30                ff_memfree
 .text          0x0000fb34      0x340 ../kernel/libkernel.a(devicenameservice.o)
                0x0000fb34                DeviceNameService
                0x0000fb94                _DeviceNameService
                0x0000fc40                DeviceNameServiceAddDevice
                0x0000fd50                DeviceNameServiceGetDevice
                0x0000fe3c                DeviceNameServiceGet
 .text          0x0000fe74     0x2920 ../kernel/libkernel.a(dwhcidevice.o)
                0x0000fe74                DWHCIDeviceCompletionRoutine
                0x0000feac                DWHCIDevice
                0x0000ff08                _DWHCIDevice
                0x0000ff10                DWHCIDeviceEnableRootPort
                0x0001002c                DWHCIDeviceReset
                0x00010154                DWHCIDeviceInitCore
                0x000103f0                DWHCIDeviceEnableGlobalInterrupts
                0x0001045c                DWHCIDeviceEnableCommonInterrupts
                0x000104bc                DWHCIDeviceEnableHostInterrupts
                0x00010590                DWHCIDeviceEnableChannelInterrupt
                0x0001060c                DWHCIDeviceDisableChannelInterrupt
                0x00010688                DWHCIDeviceFlushTxFIFO
                0x0001079c                DWHCIDeviceFlushRxFIFO
                0x0001087c                DWHCIDeviceInitHost
                0x00010a9c                DWHCIDeviceInitialize
                0x00010c74                DWHCIDeviceStartChannel
                0x0001104c                DWHCIDeviceStartTransaction
                0x00011190                DWHCIDeviceTimerHandler
                0x000112b0                DWHCIDeviceAllocateChannel
                0x00011348                DWHCIDeviceFreeChannel
                0x000113e8                DWHCIDeviceTransferStageAsync
                0x000115a4                DWHCIDeviceSubmitAsyncRequest
                0x000116b0                DWHCIDeviceTransferStage
                0x0001178c                DWHCIDeviceSubmitBlockingRequest
                0x000119e0                DWHCIDeviceControlMessage
                0x00011ae0                DWHCIDeviceGetDescriptor
                0x00011b5c                DWHCIDeviceSetAddress
                0x00011bd8                DWHCIDeviceSetConfiguration
                0x00011c54                DWHCIDeviceTransfer
                0x00011ce8                DWHCIDeviceChannelInterruptHandler
                0x0001218c                DWHCIDeviceInterruptHandler
                0x000122ac                DWHCIDeviceWaitForBit
                0x00012398                DWHCIDeviceGetPortSpeed
                0x0001240c                DWHCIDeviceOvercurrentDetected
                0x00012480                DWHCIDeviceDisableRootPort
                0x000124ec                DWHCIDeviceDumpRegister
                0x00012570                DWHCIDeviceDumpStatus
 .text          0x00012794      0x510 ../kernel/libkernel.a(dwhciregister.o)
                0x00012794                DWHCIRegister
                0x000127cc                DWHCIRegister2
                0x00012810                _DWHCIRegister
                0x00012844                DWHCIRegisterRead
                0x00012884                DWHCIRegisterWrite
                0x000128e0                DWHCIRegisterGet
                0x00012938                DWHCIRegisterSet
                0x00012974                DWHCIRegisterIsSet
                0x000129d8                DWHCIRegisterAnd
                0x00012a38                DWHCIRegisterOr
                0x00012a98                DWHCIRegisterClearBit
                0x00012b20                DWHCIRegisterSetBit
                0x00012ba8                DWHCIRegisterClearAll
                0x00012be4                DWHCIRegisterSetAll
                0x00012c20                DWHCIRegisterDump
 .text          0x00012ca4      0x308 ../kernel/libkernel.a(dwhcirootport.o)
                0x00012ca4                DWHCIRootPort
                0x00012cfc                _DWHCIRootPort
                0x00012d50                DWHCIRootPortInitialize
 .text          0x00012fac      0xe90 ../kernel/libkernel.a(dwhcixferstagedata.o)
                0x00012fac                _DWHCITransferStageData
                0x00013028                DWHCITransferStageDataTransactionComplete
                0x00013180                DWHCITransferStageDataSetSplitComplete
                0x000131dc                DWHCITransferStageDataSetState
                0x00013214                DWHCITransferStageDataGetState
                0x00013248                DWHCITransferStageDataSetSubState
                0x00013280                DWHCITransferStageDataGetSubState
                0x000132b4                DWHCITransferStageDataBeginSplitCycle
                0x000132bc                DWHCITransferStageDataGetChannelNumber
                0x000132f0                DWHCITransferStageDataIsPeriodic
                0x0001336c                DWHCITransferStageData
                0x000136b0                DWHCITransferStageDataGetDeviceAddress
                0x00013718                DWHCITransferStageDataGetEndpointType
                0x000137c4                DWHCITransferStageDataGetEndpointNumber
                0x0001382c                DWHCITransferStageDataGetMaxPacketSize
                0x00013864                DWHCITransferStageDataGetSpeed
                0x00013898                DWHCITransferStageDataGetPID
                0x00013938                DWHCITransferStageDataIsDirectionIn
                0x00013970                DWHCITransferStageDataIsStatusStage
                0x000139a8                DWHCITransferStageDataGetDMAAddress
                0x000139fc                DWHCITransferStageDataGetBytesToTransfer
                0x00013a34                DWHCITransferStageDataGetPacketsToTransfer
                0x00013a6c                DWHCITransferStageDataIsSplit
                0x00013aa4                DWHCITransferStageDataIsSplitComplete
                0x00013b04                DWHCITransferStageDataGetHubAddress
                0x00013b94                DWHCITransferStageDataGetHubPortAddress
                0x00013c28                DWHCITransferStageDataGetSplitPosition
                0x00013c84                DWHCITransferStageDataGetStatusMask
                0x00013ce4                DWHCITransferStageDataGetTransactionStatus
                0x00013d38                DWHCITransferStageDataIsStageComplete
                0x00013d74                DWHCITransferStageDataGetResultLen
                0x00013db0                DWHCITransferStageDataGetURB
                0x00013e04                DWHCITransferStageDataGetFrameScheduler
 .text          0x00013e3c      0x464 ../kernel/libkernel.a(macaddress.o)
                0x00013e3c                MACAddress
                0x00013e70                MACAddress2
                0x00013eec                _MACAddress
                0x00013f20                MACAddressIsEqual
                0x00013fdc                MACAddressSet
                0x00014048                MACAddressSetBroadcast
                0x0001408c                MACAddressGet
                0x000140e4                MACAddressCopyTo
                0x0001416c                MACAddressIsBroadcast
                0x000141e4                MACAddressGetSize
                0x000141ec                MACAddressFormat
 .text          0x000142a0      0xad0 ../kernel/libkernel.a(smsc951x.o)
                0x000142a0                SMSC951xDevice
                0x00014320                _SMSC951xDevice
                0x000143ac                SMSC951xDeviceGetMACAddress
                0x000143e4                SMSC951xDeviceSendFrame
                0x000144e4                SMSC951xDeviceReceiveFrame
                0x000146a4                SMSC951xDeviceWriteReg
                0x00014738                SMSC951xDeviceConfigure
                0x00014a88                SMSC951xDeviceReadReg
                0x00014b18                SMSC951xDeviceDumpReg
                0x00014bb0                SMSC951xDeviceDumpRegs
 .text          0x00014d70      0xc74 ../kernel/libkernel.a(string.o)
                0x00014d70                String
                0x00014da8                String2
                0x00014df8                _String
                0x00014e3c                StringGet
                0x00014e7c                StringSet
                0x00014ee0                StringGetLength
                0x00014f1c                StringAppend
                0x00014fb8                StringCompare
                0x00015000                StringFind
                0x00015060                StringReserveSpace
                0x000150f4                StringPutChar
                0x0001515c                StringPutString
                0x000151bc                StringFormatV
                0x000158cc                StringFormat
                0x00015920                ntoa
 .text          0x000159e4      0xe6c ../kernel/libkernel.a(usbdevice.o)
                0x000159e4                USBDeviceConfigure
                0x00015ad4                USBDevice
                0x00015bf4                USBDeviceCopy
                0x00015dcc                _USBDevice
                0x00015e84                USBDeviceGetName
                0x00016074                USBDeviceGetAddress
                0x000160ac                USBDeviceGetSpeed
                0x000160e4                USBDeviceGetHubAddress
                0x0001611c                USBDeviceGetHubPortNumber
                0x00016154                USBDeviceGetEndpoint0
                0x000161ac                USBDeviceGetHost
                0x00016200                USBDeviceGetDeviceDescriptor
                0x00016254                USBDeviceGetConfigurationDescriptor
                0x000162ac                USBDeviceGetDescriptor
                0x00016324                USBDeviceConfigurationError
                0x00016398                USBDeviceInitialize
                0x000167f0                USBDeviceSetAddress
 .text          0x00016850      0x30c ../kernel/libkernel.a(usbdevicefactory.o)
                0x00016850                GetDevice
                0x00016ad8                USBDeviceFactoryGetDevice
 .text          0x00016b5c      0x638 ../kernel/libkernel.a(usbendpoint.o)
                0x00016b5c                USBEndpoint
                0x00016bcc                USBEndpoint2
                0x00016d74                USBEndpointCopy
                0x00016e18                _USBEndpoint
                0x00016e4c                USBEndpointGetDevice
                0x00016e9c                USBEndpointGetNumber
                0x00016ed0                USBEndpointGetType
                0x00016f04                USBEndpointIsDirectionIn
                0x00016f38                USBEndpointSetMaxPacketSize
                0x00016f70                USBEndpointGetMaxPacketSize
                0x00016fa4                USBEndpointGetInterval
                0x00016ff4                USBEndpointGetNextPID
                0x0001705c                USBEndpointSkipPID
                0x00017140                USBEndpointResetPID
 .text          0x00017194      0xe24 ../kernel/libkernel.a(usbgamepad.o)
                0x00017808                USBGamePadDeviceConfigure
                0x00017d60                USBGamePadDevice
                0x00017e44                _CUSBGamePadDevice
                0x00017ee8                USBGamePadDeviceRegisterStatusHandler
                0x00017f48                USBGamePadDeviceGetReport
 .text          0x00017fb8      0x828 ../kernel/libkernel.a(usbkeyboard.o)
                0x000180e4                USBKeyboardDeviceConfigure
                0x0001855c                USBKeyboardDevice
                0x000185fc                _CUSBKeyboardDevice
                0x00018670                USBKeyboardDeviceRegisterKeyPressedHandler
                0x000186cc                USBKeyboardDeviceRegisterSelectConsoleHandler
                0x00018728                USBKeyboardDeviceRegisterShutdownHandler
                0x00018784                USBKeyboardDeviceRegisterKeyStatusHandlerRaw
 .text          0x000187e0      0xcd0 ../kernel/libkernel.a(usbmassdevice.o)
                0x000187e0                USBBulkOnlyMassStorageDevice
                0x0001883c                _USBBulkOnlyMassStorageDevice
                0x000188b0                USBBulkOnlyMassStorageDeviceSeek
                0x000188f8                USBBulkOnlyMassStorageDeviceGetCapacity
                0x00018930                USBBulkOnlyMassStorageDeviceCommand
                0x00018bd8                USBBulkOnlyMassStorageDeviceConfigure
                0x00018fe8                USBBulkOnlyMassStorageDeviceTryRead
                0x00019110                USBBulkOnlyMassStorageDeviceTryWrite
                0x0001923c                USBBulkOnlyMassStorageDeviceReset
                0x000193ac                USBBulkOnlyMassStorageDeviceRead
                0x0001942c                USBBulkOnlyMassStorageDeviceWrite
 .text          0x000194b0      0x62c ../kernel/libkernel.a(usbmouse.o)
                0x000195cc                USBMouseDeviceConfigure
                0x00019990                USBMouseDevice
                0x00019a14                _CUSBMouseDevice
                0x00019a80                USBMouseDeviceRegisterStatusHandler
 .text          0x00019adc      0x418 ../kernel/libkernel.a(usbrequest.o)
                0x00019adc                USBRequest
                0x00019b94                _USBRequest
                0x00019bd4                USBRequestGetEndpoint
                0x00019c24                USBRequestSetStatus
                0x00019c5c                USBRequestSetResultLen
                0x00019c94                USBRequestGetStatus
                0x00019cc8                USBRequestGetResultLength
                0x00019d20                USBRequestGetSetupData
                0x00019d98                USBRequestGetBuffer
                0x00019df4                USBRequestGetBufLen
                0x00019e28                USBRequestSetCompletionRoutine
                0x00019e88                USBRequestCallCompletionRoutine
 .text          0x00019ef4      0xcbc ../kernel/libkernel.a(usbstandardhub.o)
                0x00019ef4                USBStandardHub
                0x00019f60                _USBStandardHub
                0x0001a00c                USBStandardHubInitialize
                0x0001a048                USBStandardHubGetDeviceNames
                0x0001a178                USBStandardHubEnumeratePorts
                0x0001a89c                USBStandardHubConfigure
 .text          0x0001abb0      0x724 ../kernel/libkernel.a(usbstring.o)
                0x0001abb0                USBString
                0x0001ac4c                USBStringCopy
                0x0001ad60                _USBString
                0x0001adec                USBStringGetFromDescriptor
                0x0001b0a4                USBStringGet
                0x0001b0e0                USBStringGetLanguageID
 .text          0x0001b2d4      0x1ec ../kernel/libkernel.a(util.o)
                0x0001b2d4                uspi_memset
                0x0001b2f8                uspi_memcpy
                0x0001b31c                uspi_memcmp
                0x0001b36c                uspi_strlen
                0x0001b394                uspi_strcmp
                0x0001b404                uspi_strcpy
                0x0001b430                uspi_strncpy
                0x0001b464                uspi_strcat
                0x0001b4a8                uspi_char2int
                0x0001b4ac                uspi_le2be16
                0x0001b4b8                uspi_le2be32
 .text          0x0001b4c0       0xa0 ../kernel/libkernel.a(synchronize.o)
                0x0001b4c0                uspi_EnterCritical
                0x0001b4fc                uspi_LeaveCritical
 .text          0x0001b560      0x2c4 ../kernel/libkernel.a(diskio.o)
                0x0001b560                disk_status
                0x0001b59c                disk_initialize
                0x0001b5f4                disk_read
                0x0001b688                disk_write
                0x0001b71c                disk_ioctl
                0x0001b7c8                get_fattime
 .text          0x0001b824      0x2ac ../kernel/libkernel.a(dwhciframeschednper.o)
                0x0001b824                DWHCIFrameSchedulerNonPeriodicWaitForFrame
                0x0001b828                DWHCIFrameSchedulerNonPeriodicIsOddFrame
                0x0001b830                _DWHCIFrameSchedulerNonPeriodic
                0x0001b864                DWHCIFrameSchedulerNonPeriodicStartSplit
                0x0001b898                DWHCIFrameSchedulerNonPeriodicCompleteSplit
                0x0001b930                DWHCIFrameSchedulerNonPeriodicTransactionComplete
                0x0001ba5c                DWHCIFrameSchedulerNonPeriodic
 .text          0x0001bad0      0x19c ../kernel/libkernel.a(dwhciframeschednsplit.o)
                0x0001bad0                _DWHCIFrameSchedulerNoSplit
                0x0001bad4                DWHCIFrameSchedulerNoSplitStartSplit
                0x0001baec                DWHCIFrameSchedulerNoSplitCompleteSplit
                0x0001bb10                DWHCIFrameSchedulerNoSplitTransactionComplete
                0x0001bb28                DWHCIFrameSchedulerNoSplitIsOddFrame
                0x0001bb5c                DWHCIFrameSchedulerNoSplitWaitForFrame
                0x0001bbec                DWHCIFrameSchedulerNoSplit
 .text          0x0001bc6c      0x38c ../kernel/libkernel.a(dwhciframeschedper.o)
                0x0001bc6c                _DWHCIFrameSchedulerPeriodic
                0x0001bca0                DWHCIFrameSchedulerPeriodicStartSplit
                0x0001bcdc                DWHCIFrameSchedulerPeriodicCompleteSplit
                0x0001bd94                DWHCIFrameSchedulerPeriodicIsOddFrame
                0x0001bdc8                DWHCIFrameSchedulerPeriodicTransactionComplete
                0x0001bef0                DWHCIFrameSchedulerPeriodicWaitForFrame
                0x0001bf80                DWHCIFrameSchedulerPeriodic
 .text          0x0001bff8      0x3a0 ../kernel/libkernel.a(keymap.o)
                0x0001bff8                KeyMap
                0x0001c04c                _KeyMap
                0x0001c050                KeyMapClearTable
                0x0001c0b0                KeyMapSetEntry
                0x0001c124                KeyMapTranslate
                0x0001c25c                KeyMapGetString
                0x0001c340                KeyMapGetLEDStatus
 .text          0x0001c398      0x33c ../kernel/libkernel.a(usbconfigparser.o)
                0x0001c398                USBConfigurationParser
                0x0001c4fc                _USBConfigurationParser
                0x0001c530                USBConfigurationParserIsValid
                0x0001c564                USBConfigurationParserGetDescriptor
                0x0001c654                USBConfigurationParserError
 .text          0x0001c6d4     0x17c8 ../kernel/libkernel.a(emmc.o)
                0x0001d0dc                sd_card_init
                0x0001dde8                sd_read
                0x0001de30                sd_write
                0x0001de7c                sd_get_block_size
                0x0001de8c                sd_get_num_blocks
 .text          0x0001de9c      0x114 /home/ich/arm-none-eabi/bin/../lib/gcc/arm-none-eabi/13.2.1/libgcc.a(_udivsi3.o)
                0x0001de9c                __udivsi3
                0x0001de9c                __aeabi_uidiv
                0x0001df90                __aeabi_uidivmod
 .text          0x0001dfb0      0x148 /home/ich/arm-none-eabi/bin/../lib/gcc/arm-none-eabi/13.2.1/libgcc.a(_divsi3.o)
                0x0001dfb0                __aeabi_idiv
                0x0001dfb0                __divsi3
                0x0001e0d8                __aeabi_idivmod
 .text          0x0001e0f8        0x4 /home/ich/arm-none-eabi/bin/../lib/gcc/arm-none-eabi/13.2.1/libgcc.a(_dvmd_tls.o)
                0x0001e0f8                __aeabi_ldiv0
                0x0001e0f8                __aeabi_idiv0
 .text          0x0001e0fc       0xd4 /home/ich/arm-none-eabi/bin/../lib/gcc/arm-none-eabi/13.2.1/libgcc.a(_aeabi_ldivmod.o)
                0x0001e0fc                __aeabi_ldivmod
 .text          0x0001e1d0       0x3c /home/ich/arm-none-eabi/bin/../lib/gcc/arm-none-eabi/13.2.1/libgcc.a(_aeabi_uldivmod.o)
                0x0001e1d0                __aeabi_uldivmod
 .text          0x0001e20c        0x0 /home/ich/arm-none-eabi/bin/../lib/gcc/arm-none-eabi/13.2.1/libgcc.a(_udivmoddi4.o)
 .text.__udivmoddi4
                0x0001e20c      0x128 /home/ich/arm-none-eabi/bin/../lib/gcc/arm-none-eabi/13.2.1/libgcc.a(_udivmoddi4.o)
                0x0001e20c                __udivmoddi4
 .text          0x0001e334       0x28 /home/ich/arm-none-eabi/bin/../lib/gcc/arm-none-eabi/13.2.1/libgcc.a(_clzdi2.o)
                0x0001e334                __clzdi2
 .text          0x0001e35c       0x48 /home/ich/arm-none-eabi/bin/../lib/gcc/arm-none-eabi/13.2.1/libgcc.a(_clzsi2.o)
                0x0001e35c                __clzsi2
 .text          0x0001e3a4        0x0 /home/ich/arm-none-eabi/bin/../lib/gcc/arm-none-eabi/13.2.1/../../../../arm-none-eabi/lib/libc.a(libc_a-strncasecmp.o)
 .text.strncasecmp
                0x0001e3a4       0x8c /home/ich/arm-none-eabi/bin/../lib/gcc/arm-none-eabi/13.2.1/../../../../arm-none-eabi/lib/libc.a(libc_a-strncasecmp.o)
                0x0001e3a4                strncasecmp
 .text          0x0001e430        0x0 /home/ich/arm-none-eabi/bin/../lib/gcc/arm-none-eabi/13.2.1/../../../../arm-none-eabi/lib/libc.a(libc_a-lcltime.o)
 .text.localtime
                0x0001e430       0x20 /home/ich/arm-none-eabi/bin/../lib/gcc/arm-none-eabi/13.2.1/../../../../arm-none-eabi/lib/libc.a(libc_a-lcltime.o)
                0x0001e430                localtime
 .text          0x0001e450        0x0 /home/ich/arm-none-eabi/bin/../lib/gcc/arm-none-eabi/13.2.1/../../../../arm-none-eabi/lib/libc.a(libc_a-lcltime_r.o)
 .text.localtime_r
                0x0001e450      0x374 /home/ich/arm-none-eabi/bin/../lib/gcc/arm-none-eabi/13.2.1/../../../../arm-none-eabi/lib/libc.a(libc_a-lcltime_r.o)
                0x0001e450                localtime_r
 .text          0x0001e7c4        0x0 /home/ich/arm-none-eabi/bin/../lib/gcc/arm-none-eabi/13.2.1/../../../../arm-none-eabi/lib/libc.a(libc_a-mktime.o)
 .text.validate_structure
                0x0001e7c4      0x2e0 /home/ich/arm-none-eabi/bin/../lib/gcc/arm-none-eabi/13.2.1/../../../../arm-none-eabi/lib/libc.a(libc_a-mktime.o)
 .text.mktime   0x0001eaa4      0x4cc /home/ich/arm-none-eabi/bin/../lib/gcc/arm-none-eabi/13.2.1/../../../../arm-none-eabi/lib/libc.a(libc_a-mktime.o)
                0x0001eaa4                mktime
 .text          0x0001ef70        0x0 /home/ich/arm-none-eabi/bin/../lib/gcc/arm-none-eabi/13.2.1/../../../../arm-none-eabi/lib/libc.a(libc_a-month_lengths.o)
 .text          0x0001ef70        0x0 /home/ich/arm-none-eabi/bin/../lib/gcc/arm-none-eabi/13.2.1/../../../../arm-none-eabi/lib/libc.a(libc_a-errno.o)
 .text.__errno  0x0001ef70       0x10 /home/ich/arm-none-eabi/bin/../lib/gcc/arm-none-eabi/13.2.1/../../../../arm-none-eabi/lib/libc.a(libc_a-errno.o)
                0x0001ef70                __errno
 .text          0x0001ef80        0x0 /home/ich/arm-none-eabi/bin/../lib/gcc/arm-none-eabi/13.2.1/../../../../arm-none-eabi/lib/libc.a(libc_a-time.o)
 .text.time     0x0001ef80       0x58 /home/ich/arm-none-eabi/bin/../lib/gcc/arm-none-eabi/13.2.1/../../../../arm-none-eabi/lib/libc.a(libc_a-time.o)
                0x0001ef80                time
 .text          0x0001efd8        0x0 /home/ich/arm-none-eabi/bin/../lib/gcc/arm-none-eabi/13.2.1/../../../../arm-none-eabi/lib/libc.a(libc_a-tzcalc_limits.o)
 .text.__tzcalc_limits
                0x0001efd8      0x254 /home/ich/arm-none-eabi/bin/../lib/gcc/arm-none-eabi/13.2.1/../../../../arm-none-eabi/lib/libc.a(libc_a-tzcalc_limits.o)
                0x0001efd8                __tzcalc_limits
 .text          0x0001f22c        0x0 /home/ich/arm-none-eabi/bin/../lib/gcc/arm-none-eabi/13.2.1/../../../../arm-none-eabi/lib/libc.a(libc_a-tzlock.o)
 .text.__tz_lock
                0x0001f22c       0x18 /home/ich/arm-none-eabi/bin/../lib/gcc/arm-none-eabi/13.2.1/../../../../arm-none-eabi/lib/libc.a(libc_a-tzlock.o)
                0x0001f22c                __tz_lock
 .text.__tz_unlock
                0x0001f244       0x18 /home/ich/arm-none-eabi/bin/../lib/gcc/arm-none-eabi/13.2.1/../../../../arm-none-eabi/lib/libc.a(libc_a-tzlock.o)
                0x0001f244                __tz_unlock
 .text          0x0001f25c        0x0 /home/ich/arm-none-eabi/bin/../lib/gcc/arm-none-eabi/13.2.1/../../../../arm-none-eabi/lib/libc.a(libc_a-vsnprintf.o)
 .text.vsnprintf
                0x0001f25c       0xb0 /home/ich/arm-none-eabi/bin/../lib/gcc/arm-none-eabi/13.2.1/../../../../arm-none-eabi/lib/libc.a(libc_a-vsnprintf.o)
                0x0001f25c                vsnprintf
 .text._vsnprintf_r
                0x0001f30c       0xac /home/ich/arm-none-eabi/bin/../lib/gcc/arm-none-eabi/13.2.1/../../../../arm-none-eabi/lib/libc.a(libc_a-vsnprintf.o)
                0x0001f30c                _vsnprintf_r
 .text          0x0001f3b8        0x0 /home/ich/arm-none-eabi/bin/../lib/gcc/arm-none-eabi/13.2.1/../../../../arm-none-eabi/lib/libc.a(libc_a-malloc.o)
 .text.malloc   0x0001f3b8       0x20 /home/ich/arm-none-eabi/bin/../lib/gcc/arm-none-eabi/13.2.1/../../../../arm-none-eabi/lib/libc.a(libc_a-malloc.o)
                0x0001f3b8                malloc
 .text.free     0x0001f3d8       0x20 /home/ich/arm-none-eabi/bin/../lib/gcc/arm-none-eabi/13.2.1/../../../../arm-none-eabi/lib/libc.a(libc_a-malloc.o)
                0x0001f3d8                free
 .text          0x0001f3f8        0x0 /home/ich/arm-none-eabi/bin/../lib/gcc/arm-none-eabi/13.2.1/../../../../arm-none-eabi/lib/libc.a(libc_a-mallocr.o)
 .text._malloc_r
                0x0001f3f8      0x7b4 /home/ich/arm-none-eabi/bin/../lib/gcc/arm-none-eabi/13.2.1/../../../../arm-none-eabi/lib/libc.a(libc_a-mallocr.o)
                0x0001f3f8                _malloc_r
 .text          0x0001fbac        0x0 /home/ich/arm-none-eabi/bin/../lib/gcc/arm-none-eabi/13.2.1/../../../../arm-none-eabi/lib/libc.a(libc_a-memset.o)
 .text.memset   0x0001fbac       0xfc /home/ich/arm-none-eabi/bin/../lib/gcc/arm-none-eabi/13.2.1/../../../../arm-none-eabi/lib/libc.a(libc_a-memset.o)
                0x0001fbac                memset
 .text          0x0001fca8        0x0 /home/ich/arm-none-eabi/bin/../lib/gcc/arm-none-eabi/13.2.1/../../../../arm-none-eabi/lib/libc.a(libc_a-tzset.o)
 .text._tzset_unlocked
                0x0001fca8       0x1c /home/ich/arm-none-eabi/bin/../lib/gcc/arm-none-eabi/13.2.1/../../../../arm-none-eabi/lib/libc.a(libc_a-tzset.o)
                0x0001fca8                _tzset_unlocked
 .text.tzset    0x0001fcc4       0x24 /home/ich/arm-none-eabi/bin/../lib/gcc/arm-none-eabi/13.2.1/../../../../arm-none-eabi/lib/libc.a(libc_a-tzset.o)
                0x0001fcc4                tzset
 .text          0x0001fce8        0x0 /home/ich/arm-none-eabi/bin/../lib/gcc/arm-none-eabi/13.2.1/../../../../arm-none-eabi/lib/libc.a(libc_a-tzset_r.o)
 .text._tzset_unlocked_r
                0x0001fce8      0x688 /home/ich/arm-none-eabi/bin/../lib/gcc/arm-none-eabi/13.2.1/../../../../arm-none-eabi/lib/libc.a(libc_a-tzset_r.o)
                0x0001fce8                _tzset_unlocked_r
 .text._tzset_r
                0x00020370       0x20 /home/ich/arm-none-eabi/bin/../lib/gcc/arm-none-eabi/13.2.1/../../../../arm-none-eabi/lib/libc.a(libc_a-tzset_r.o)
                0x00020370                _tzset_r
 .text          0x00020390        0x0 /home/ich/arm-none-eabi/bin/../lib/gcc/arm-none-eabi/13.2.1/../../../../arm-none-eabi/lib/libc.a(libc_a-tzvars.o)
 .text          0x00020390        0x0 /home/ich/arm-none-eabi/bin/../lib/gcc/arm-none-eabi/13.2.1/../../../../arm-none-eabi/lib/libc.a(libc_a-lock.o)
 .text.__retarget_lock_init
                0x00020390        0x4 /home/ich/arm-none-eabi/bin/../lib/gcc/arm-none-eabi/13.2.1/../../../../arm-none-eabi/lib/libc.a(libc_a-lock.o)
                0x00020390                __retarget_lock_init
 .text.__retarget_lock_init_recursive
                0x00020394        0x4 /home/ich/arm-none-eabi/bin/../lib/gcc/arm-none-eabi/13.2.1/../../../../arm-none-eabi/lib/libc.a(libc_a-lock.o)
                0x00020394                __retarget_lock_init_recursive
 .text.__retarget_lock_close
                0x00020398        0x4 /home/ich/arm-none-eabi/bin/../lib/gcc/arm-none-eabi/13.2.1/../../../../arm-none-eabi/lib/libc.a(libc_a-lock.o)
                0x00020398                __retarget_lock_close
 .text.__retarget_lock_close_recursive
                0x0002039c        0x4 /home/ich/arm-none-eabi/bin/../lib/gcc/arm-none-eabi/13.2.1/../../../../arm-none-eabi/lib/libc.a(libc_a-lock.o)
                0x0002039c                __retarget_lock_close_recursive
 .text.__retarget_lock_acquire
                0x000203a0        0x4 /home/ich/arm-none-eabi/bin/../lib/gcc/arm-none-eabi/13.2.1/../../../../arm-none-eabi/lib/libc.a(libc_a-lock.o)
                0x000203a0                __retarget_lock_acquire
 .text.__retarget_lock_acquire_recursive
                0x000203a4        0x4 /home/ich/arm-none-eabi/bin/../lib/gcc/arm-none-eabi/13.2.1/../../../../arm-none-eabi/lib/libc.a(libc_a-lock.o)
                0x000203a4                __retarget_lock_acquire_recursive
 .text.__retarget_lock_try_acquire
                0x000203a8        0x8 /home/ich/arm-none-eabi/bin/../lib/gcc/arm-none-eabi/13.2.1/../../../../arm-none-eabi/lib/libc.a(libc_a-lock.o)
                0x000203a8                __retarget_lock_try_acquire
 .text.__retarget_lock_try_acquire_recursive
                0x000203b0        0x8 /home/ich/arm-none-eabi/bin/../lib/gcc/arm-none-eabi/13.2.1/../../../../arm-none-eabi/lib/libc.a(libc_a-lock.o)
                0x000203b0                __retarget_lock_try_acquire_recursive
 .text.__retarget_lock_release
                0x000203b8        0x4 /home/ich/arm-none-eabi/bin/../lib/gcc/arm-none-eabi/13.2.1/../../../../arm-none-eabi/lib/libc.a(libc_a-lock.o)
                0x000203b8                __retarget_lock_release
 .text.__retarget_lock_release_recursive
                0x000203bc        0x4 /home/ich/arm-none-eabi/bin/../lib/gcc/arm-none-eabi/13.2.1/../../../../arm-none-eabi/lib/libc.a(libc_a-lock.o)
                0x000203bc                __retarget_lock_release_recursive
 .text          0x000203c0        0x0 /home/ich/arm-none-eabi/bin/../lib/gcc/arm-none-eabi/13.2.1/../../../../arm-none-eabi/lib/libc.a(libc_a-sysconf.o)
 .text.sysconf  0x000203c0       0x30 /home/ich/arm-none-eabi/bin/../lib/gcc/arm-none-eabi/13.2.1/../../../../arm-none-eabi/lib/libc.a(libc_a-sysconf.o)
                0x000203c0                sysconf
 .text          0x000203f0      0x224 /home/ich/arm-none-eabi/bin/../lib/gcc/arm-none-eabi/13.2.1/../../../../arm-none-eabi/lib/libc.a(libc_a-strcmp.o)
                0x000203f0                strcmp
 .text          0x00020614        0x0 /home/ich/arm-none-eabi/bin/../lib/gcc/arm-none-eabi/13.2.1/../../../../arm-none-eabi/lib/libc.a(libc_a-strcpy.o)
 .text.strcpy   0x00020614       0xf0 /home/ich/arm-none-eabi/bin/../lib/gcc/arm-none-eabi/13.2.1/../../../../arm-none-eabi/lib/libc.a(libc_a-strcpy.o)
                0x00020614                strcpy
 .text          0x00020704        0x0 /home/ich/arm-none-eabi/bin/../lib/gcc/arm-none-eabi/13.2.1/../../../../arm-none-eabi/lib/libc.a(libc_a-mlock.o)
 .text.__malloc_lock
                0x00020704       0x18 /home/ich/arm-none-eabi/bin/../lib/gcc/arm-none-eabi/13.2.1/../../../../arm-none-eabi/lib/libc.a(libc_a-mlock.o)
                0x00020704                __malloc_lock
 .text.__malloc_unlock
                0x0002071c       0x18 /home/ich/arm-none-eabi/bin/../lib/gcc/arm-none-eabi/13.2.1/../../../../arm-none-eabi/lib/libc.a(libc_a-mlock.o)
                0x0002071c                __malloc_unlock
 .text          0x00020734        0x0 /home/ich/arm-none-eabi/bin/../lib/gcc/arm-none-eabi/13.2.1/../../../../arm-none-eabi/lib/libc.a(libc_a-div.o)
 .text.div      0x00020734       0x2c /home/ich/arm-none-eabi/bin/../lib/gcc/arm-none-eabi/13.2.1/../../../../arm-none-eabi/lib/libc.a(libc_a-div.o)
                0x00020734                div
 .text          0x00020760        0x0 /home/ich/arm-none-eabi/bin/../lib/gcc/arm-none-eabi/13.2.1/../../../../arm-none-eabi/lib/libc.a(libc_a-strerror.o)
 .text._strerror_r
                0x00020760      0x640 /home/ich/arm-none-eabi/bin/../lib/gcc/arm-none-eabi/13.2.1/../../../../arm-none-eabi/lib/libc.a(libc_a-strerror.o)
                0x00020760                _strerror_r
 .text.strerror
                0x00020da0       0x1c /home/ich/arm-none-eabi/bin/../lib/gcc/arm-none-eabi/13.2.1/../../../../arm-none-eabi/lib/libc.a(libc_a-strerror.o)
                0x00020da0                strerror
 .text.strerror_l
                0x00020dbc       0x1c /home/ich/arm-none-eabi/bin/../lib/gcc/arm-none-eabi/13.2.1/../../../../arm-none-eabi/lib/libc.a(libc_a-strerror.o)
                0x00020dbc                strerror_l
 .text          0x00020dd8        0x0 /home/ich/arm-none-eabi/bin/../lib/gcc/arm-none-eabi/13.2.1/../../../../arm-none-eabi/lib/libc.a(libc_a-ctype_.o)
 .text.__set_ctype
                0x00020dd8       0x10 /home/ich/arm-none-eabi/bin/../lib/gcc/arm-none-eabi/13.2.1/../../../../arm-none-eabi/lib/libc.a(libc_a-ctype_.o)
                0x00020dd8                __set_ctype
 .text          0x00020de8        0x0 /home/ich/arm-none-eabi/bin/../lib/gcc/arm-none-eabi/13.2.1/../../../../arm-none-eabi/lib/libc.a(libc_a-impure.o)
 .text          0x00020de8        0x0 /home/ich/arm-none-eabi/bin/../lib/gcc/arm-none-eabi/13.2.1/../../../../arm-none-eabi/lib/libc.a(libc_a-findfp.o)
 .text.stdio_exit_handler
                0x00020de8       0x28 /home/ich/arm-none-eabi/bin/../lib/gcc/arm-none-eabi/13.2.1/../../../../arm-none-eabi/lib/libc.a(libc_a-findfp.o)
 .text.cleanup_stdio
                0x00020e10       0x54 /home/ich/arm-none-eabi/bin/../lib/gcc/arm-none-eabi/13.2.1/../../../../arm-none-eabi/lib/libc.a(libc_a-findfp.o)
 .text.__fp_lock
                0x00020e64       0x38 /home/ich/arm-none-eabi/bin/../lib/gcc/arm-none-eabi/13.2.1/../../../../arm-none-eabi/lib/libc.a(libc_a-findfp.o)
 .text.__fp_unlock
                0x00020e9c       0x38 /home/ich/arm-none-eabi/bin/../lib/gcc/arm-none-eabi/13.2.1/../../../../arm-none-eabi/lib/libc.a(libc_a-findfp.o)
 .text.global_stdio_init.part.0
                0x00020ed4      0x14c /home/ich/arm-none-eabi/bin/../lib/gcc/arm-none-eabi/13.2.1/../../../../arm-none-eabi/lib/libc.a(libc_a-findfp.o)
 .text.__sfp    0x00021020      0x134 /home/ich/arm-none-eabi/bin/../lib/gcc/arm-none-eabi/13.2.1/../../../../arm-none-eabi/lib/libc.a(libc_a-findfp.o)
                0x00021020                __sfp
 .text.__sinit  0x00021154       0x64 /home/ich/arm-none-eabi/bin/../lib/gcc/arm-none-eabi/13.2.1/../../../../arm-none-eabi/lib/libc.a(libc_a-findfp.o)
                0x00021154                __sinit
 .text.__sfp_lock_acquire
                0x000211b8       0x18 /home/ich/arm-none-eabi/bin/../lib/gcc/arm-none-eabi/13.2.1/../../../../arm-none-eabi/lib/libc.a(libc_a-findfp.o)
                0x000211b8                __sfp_lock_acquire
 .text.__sfp_lock_release
                0x000211d0       0x18 /home/ich/arm-none-eabi/bin/../lib/gcc/arm-none-eabi/13.2.1/../../../../arm-none-eabi/lib/libc.a(libc_a-findfp.o)
                0x000211d0                __sfp_lock_release
 .text.__fp_lock_all
                0x000211e8       0x30 /home/ich/arm-none-eabi/bin/../lib/gcc/arm-none-eabi/13.2.1/../../../../arm-none-eabi/lib/libc.a(libc_a-findfp.o)
                0x000211e8                __fp_lock_all
 .text.__fp_unlock_all
                0x00021218       0x30 /home/ich/arm-none-eabi/bin/../lib/gcc/arm-none-eabi/13.2.1/../../../../arm-none-eabi/lib/libc.a(libc_a-findfp.o)
                0x00021218                __fp_unlock_all
 .text          0x00021248        0x0 /home/ich/arm-none-eabi/bin/../lib/gcc/arm-none-eabi/13.2.1/../../../../arm-none-eabi/lib/libc.a(libc_a-memcpy-stub.o)
 .text.memcpy   0x00021248      0x114 /home/ich/arm-none-eabi/bin/../lib/gcc/arm-none-eabi/13.2.1/../../../../arm-none-eabi/lib/libc.a(libc_a-memcpy-stub.o)
                0x00021248                memcpy
 .text          0x0002135c        0x0 /home/ich/arm-none-eabi/bin/../lib/gcc/arm-none-eabi/13.2.1/../../../../arm-none-eabi/lib/libc.a(libc_a-strlen-stub.o)
 .text.strlen   0x0002135c       0x60 /home/ich/arm-none-eabi/bin/../lib/gcc/arm-none-eabi/13.2.1/../../../../arm-none-eabi/lib/libc.a(libc_a-strlen-stub.o)
                0x0002135c                strlen
 .text          0x000213bc        0x0 /home/ich/arm-none-eabi/bin/../lib/gcc/arm-none-eabi/13.2.1/../../../../arm-none-eabi/lib/libc.a(libc_a-freer.o)
 .text._malloc_trim_r
                0x000213bc      0x114 /home/ich/arm-none-eabi/bin/../lib/gcc/arm-none-eabi/13.2.1/../../../../arm-none-eabi/lib/libc.a(libc_a-freer.o)
                0x000213bc                _malloc_trim_r
 .text._free_r  0x000214d0      0x2e8 /home/ich/arm-none-eabi/bin/../lib/gcc/arm-none-eabi/13.2.1/../../../../arm-none-eabi/lib/libc.a(libc_a-freer.o)
                0x000214d0                _free_r
 .text          0x000217b8        0x0 /home/ich/arm-none-eabi/bin/../lib/gcc/arm-none-eabi/13.2.1/../../../../arm-none-eabi/lib/libc.a(libc_a-strtoul.o)
 .text._strtoul_l.isra.0
                0x000217b8      0x1dc /home/ich/arm-none-eabi/bin/../lib/gcc/arm-none-eabi/13.2.1/../../../../arm-none-eabi/lib/libc.a(libc_a-strtoul.o)
 .text._strtoul_r
                0x00021994        0x4 /home/ich/arm-none-eabi/bin/../lib/gcc/arm-none-eabi/13.2.1/../../../../arm-none-eabi/lib/libc.a(libc_a-strtoul.o)
                0x00021994                _strtoul_r
 .text.strtoul_l
                0x00021998       0x2c /home/ich/arm-none-eabi/bin/../lib/gcc/arm-none-eabi/13.2.1/../../../../arm-none-eabi/lib/libc.a(libc_a-strtoul.o)
                0x00021998                strtoul_l
 .text.strtoul  0x000219c4       0x2c /home/ich/arm-none-eabi/bin/../lib/gcc/arm-none-eabi/13.2.1/../../../../arm-none-eabi/lib/libc.a(libc_a-strtoul.o)
                0x000219c4                strtoul
 .text          0x000219f0        0x0 /home/ich/arm-none-eabi/bin/../lib/gcc/arm-none-eabi/13.2.1/../../../../arm-none-eabi/lib/libc.a(libc_a-getenv_r.o)
 .text._findenv_r
                0x000219f0       0xd0 /home/ich/arm-none-eabi/bin/../lib/gcc/arm-none-eabi/13.2.1/../../../../arm-none-eabi/lib/libc.a(libc_a-getenv_r.o)
                0x000219f0                _findenv_r
 .text._getenv_r
                0x00021ac0       0x1c /home/ich/arm-none-eabi/bin/../lib/gcc/arm-none-eabi/13.2.1/../../../../arm-none-eabi/lib/libc.a(libc_a-getenv_r.o)
                0x00021ac0                _getenv_r
 .text          0x00021adc        0x0 /home/ich/arm-none-eabi/bin/../lib/gcc/arm-none-eabi/13.2.1/../../../../arm-none-eabi/lib/libc.a(libc_a-gettimeofdayr.o)
 .text._gettimeofday_r
                0x00021adc       0x40 /home/ich/arm-none-eabi/bin/../lib/gcc/arm-none-eabi/13.2.1/../../../../arm-none-eabi/lib/libc.a(libc_a-gettimeofdayr.o)
                0x00021adc                _gettimeofday_r
 .text          0x00021b1c        0x0 /home/ich/arm-none-eabi/bin/../lib/gcc/arm-none-eabi/13.2.1/../../../../arm-none-eabi/lib/libc.a(libc_a-gettzinfo.o)
 .text.__gettzinfo
                0x00021b1c        0xc /home/ich/arm-none-eabi/bin/../lib/gcc/arm-none-eabi/13.2.1/../../../../arm-none-eabi/lib/libc.a(libc_a-gettzinfo.o)
                0x00021b1c                __gettzinfo
 .text          0x00021b28        0x0 /home/ich/arm-none-eabi/bin/../lib/gcc/arm-none-eabi/13.2.1/../../../../arm-none-eabi/lib/libc.a(libc_a-stdio.o)
 .text.__sread  0x00021b28       0x34 /home/ich/arm-none-eabi/bin/../lib/gcc/arm-none-eabi/13.2.1/../../../../arm-none-eabi/lib/libc.a(libc_a-stdio.o)
                0x00021b28                __sread
 .text.__seofread
                0x00021b5c        0x8 /home/ich/arm-none-eabi/bin/../lib/gcc/arm-none-eabi/13.2.1/../../../../arm-none-eabi/lib/libc.a(libc_a-stdio.o)
                0x00021b5c                __seofread
 .text.__swrite
                0x00021b64       0x5c /home/ich/arm-none-eabi/bin/../lib/gcc/arm-none-eabi/13.2.1/../../../../arm-none-eabi/lib/libc.a(libc_a-stdio.o)
                0x00021b64                __swrite
 .text.__sseek  0x00021bc0       0x30 /home/ich/arm-none-eabi/bin/../lib/gcc/arm-none-eabi/13.2.1/../../../../arm-none-eabi/lib/libc.a(libc_a-stdio.o)
                0x00021bc0                __sseek
 .text.__sclose
                0x00021bf0       0x14 /home/ich/arm-none-eabi/bin/../lib/gcc/arm-none-eabi/13.2.1/../../../../arm-none-eabi/lib/libc.a(libc_a-stdio.o)
                0x00021bf0                __sclose
 .text          0x00021c04        0x0 /home/ich/arm-none-eabi/bin/../lib/gcc/arm-none-eabi/13.2.1/../../../../arm-none-eabi/lib/libc.a(libc_a-gmtime_r.o)
 .text.gmtime_r
                0x00021c04      0x26c /home/ich/arm-none-eabi/bin/../lib/gcc/arm-none-eabi/13.2.1/../../../../arm-none-eabi/lib/libc.a(libc_a-gmtime_r.o)
                0x00021c04                gmtime_r
 .text          0x00021e70        0x0 /home/ich/arm-none-eabi/bin/../lib/gcc/arm-none-eabi/13.2.1/../../../../arm-none-eabi/lib/libc.a(libc_a-sbrkr.o)
 .text._sbrk_r  0x00021e70       0x44 /home/ich/arm-none-eabi/bin/../lib/gcc/arm-none-eabi/13.2.1/../../../../arm-none-eabi/lib/libc.a(libc_a-sbrkr.o)
                0x00021e70                _sbrk_r
 .text          0x00021eb4        0x0 /home/ich/arm-none-eabi/bin/../lib/gcc/arm-none-eabi/13.2.1/../../../../arm-none-eabi/lib/libc.a(libc_a-fwalk.o)
 .text._fwalk_sglue
                0x00021eb4       0x78 /home/ich/arm-none-eabi/bin/../lib/gcc/arm-none-eabi/13.2.1/../../../../arm-none-eabi/lib/libc.a(libc_a-fwalk.o)
                0x00021eb4                _fwalk_sglue
 .text          0x00021f2c        0x0 /home/ich/arm-none-eabi/bin/../lib/gcc/arm-none-eabi/13.2.1/../../../../arm-none-eabi/lib/libc.a(libc_a-writer.o)
 .text._write_r
                0x00021f2c       0x48 /home/ich/arm-none-eabi/bin/../lib/gcc/arm-none-eabi/13.2.1/../../../../arm-none-eabi/lib/libc.a(libc_a-writer.o)
                0x00021f2c                _write_r
 .text          0x00021f74        0x0 /home/ich/arm-none-eabi/bin/../lib/gcc/arm-none-eabi/13.2.1/../../../../arm-none-eabi/lib/libc.a(libc_a-siscanf.o)
 .text.siscanf  0x00021f74       0x7c /home/ich/arm-none-eabi/bin/../lib/gcc/arm-none-eabi/13.2.1/../../../../arm-none-eabi/lib/libc.a(libc_a-siscanf.o)
                0x00021f74                siscanf
 .text._siscanf_r
                0x00021ff0       0x7c /home/ich/arm-none-eabi/bin/../lib/gcc/arm-none-eabi/13.2.1/../../../../arm-none-eabi/lib/libc.a(libc_a-siscanf.o)
                0x00021ff0                _siscanf_r
 .text          0x0002206c        0x0 /home/ich/arm-none-eabi/bin/../lib/gcc/arm-none-eabi/13.2.1/../../../../arm-none-eabi/lib/libc.a(libc_a-svfiscanf.o)
 .text._sungetc_r
                0x0002206c       0xe4 /home/ich/arm-none-eabi/bin/../lib/gcc/arm-none-eabi/13.2.1/../../../../arm-none-eabi/lib/libc.a(libc_a-svfiscanf.o)
                0x0002206c                _sungetc_r
 .text.__ssrefill_r
                0x00022150       0x68 /home/ich/arm-none-eabi/bin/../lib/gcc/arm-none-eabi/13.2.1/../../../../arm-none-eabi/lib/libc.a(libc_a-svfiscanf.o)
                0x00022150                __ssrefill_r
 .text._sfread_r
                0x000221b8      0x128 /home/ich/arm-none-eabi/bin/../lib/gcc/arm-none-eabi/13.2.1/../../../../arm-none-eabi/lib/libc.a(libc_a-svfiscanf.o)
                0x000221b8                _sfread_r
 .text.__ssvfiscanf_r
                0x000222e0     0x1f7c /home/ich/arm-none-eabi/bin/../lib/gcc/arm-none-eabi/13.2.1/../../../../arm-none-eabi/lib/libc.a(libc_a-svfiscanf.o)
                0x000222e0                __ssvfiscanf_r
 .text          0x0002425c        0x0 /home/ich/arm-none-eabi/bin/../lib/gcc/arm-none-eabi/13.2.1/../../../../arm-none-eabi/lib/libc.a(libc_a-svfprintf.o)
 .text._svfprintf_r
                0x0002425c     0x2bf4 /home/ich/arm-none-eabi/bin/../lib/gcc/arm-none-eabi/13.2.1/../../../../arm-none-eabi/lib/libc.a(libc_a-svfprintf.o)
                0x0002425c                _svfprintf_r
 .text          0x00026e50        0x0 /home/ich/arm-none-eabi/bin/../lib/gcc/arm-none-eabi/13.2.1/../../../../arm-none-eabi/lib/libc.a(libc_a-u_strerr.o)
 .text._user_strerror
                0x00026e50        0x8 /home/ich/arm-none-eabi/bin/../lib/gcc/arm-none-eabi/13.2.1/../../../../arm-none-eabi/lib/libc.a(libc_a-u_strerr.o)
                0x00026e50                _user_strerror
 .text          0x00026e58        0x0 /home/ich/arm-none-eabi/bin/../lib/gcc/arm-none-eabi/13.2.1/../../../../arm-none-eabi/lib/libc.a(libc_a-mbrtowc.o)
 .text._mbrtowc_r
                0x00026e58       0x70 /home/ich/arm-none-eabi/bin/../lib/gcc/arm-none-eabi/13.2.1/../../../../arm-none-eabi/lib/libc.a(libc_a-mbrtowc.o)
                0x00026e58                _mbrtowc_r
 .text.mbrtowc  0x00026ec8       0x84 /home/ich/arm-none-eabi/bin/../lib/gcc/arm-none-eabi/13.2.1/../../../../arm-none-eabi/lib/libc.a(libc_a-mbrtowc.o)
                0x00026ec8                mbrtowc
 .text          0x00026f4c        0x0 /home/ich/arm-none-eabi/bin/../lib/gcc/arm-none-eabi/13.2.1/../../../../arm-none-eabi/lib/libc.a(libc_a-wcrtomb.o)
 .text._wcrtomb_r
                0x00026f4c       0x5c /home/ich/arm-none-eabi/bin/../lib/gcc/arm-none-eabi/13.2.1/../../../../arm-none-eabi/lib/libc.a(libc_a-wcrtomb.o)
                0x00026f4c                _wcrtomb_r
 .text.wcrtomb  0x00026fa8       0x74 /home/ich/arm-none-eabi/bin/../lib/gcc/arm-none-eabi/13.2.1/../../../../arm-none-eabi/lib/libc.a(libc_a-wcrtomb.o)
                0x00026fa8                wcrtomb
 .text          0x0002701c        0x0 /home/ich/arm-none-eabi/bin/../lib/gcc/arm-none-eabi/13.2.1/../../../../arm-none-eabi/lib/libc.a(libc_a-locale.o)
 .text.currentlocale
                0x0002701c       0x94 /home/ich/arm-none-eabi/bin/../lib/gcc/arm-none-eabi/13.2.1/../../../../arm-none-eabi/lib/libc.a(libc_a-locale.o)
 .text.__loadlocale
                0x000270b0      0x8e0 /home/ich/arm-none-eabi/bin/../lib/gcc/arm-none-eabi/13.2.1/../../../../arm-none-eabi/lib/libc.a(libc_a-locale.o)
                0x000270b0                __loadlocale
 .text.__get_locale_env
                0x00027990       0x94 /home/ich/arm-none-eabi/bin/../lib/gcc/arm-none-eabi/13.2.1/../../../../arm-none-eabi/lib/libc.a(libc_a-locale.o)
                0x00027990                __get_locale_env
 .text._setlocale_r
                0x00027a24      0x348 /home/ich/arm-none-eabi/bin/../lib/gcc/arm-none-eabi/13.2.1/../../../../arm-none-eabi/lib/libc.a(libc_a-locale.o)
                0x00027a24                _setlocale_r
 .text.__locale_mb_cur_max
                0x00027d6c       0x10 /home/ich/arm-none-eabi/bin/../lib/gcc/arm-none-eabi/13.2.1/../../../../arm-none-eabi/lib/libc.a(libc_a-locale.o)
                0x00027d6c                __locale_mb_cur_max
 .text.setlocale
                0x00027d7c       0x1c /home/ich/arm-none-eabi/bin/../lib/gcc/arm-none-eabi/13.2.1/../../../../arm-none-eabi/lib/libc.a(libc_a-locale.o)
                0x00027d7c                setlocale
 .text          0x00027d98        0x0 /home/ich/arm-none-eabi/bin/../lib/gcc/arm-none-eabi/13.2.1/../../../../arm-none-eabi/lib/libc.a(libc_a-localeconv.o)
 .text.__localeconv_l
                0x00027d98        0x8 /home/ich/arm-none-eabi/bin/../lib/gcc/arm-none-eabi/13.2.1/../../../../arm-none-eabi/lib/libc.a(libc_a-localeconv.o)
                0x00027d98                __localeconv_l
 .text._localeconv_r
                0x00027da0        0xc /home/ich/arm-none-eabi/bin/../lib/gcc/arm-none-eabi/13.2.1/../../../../arm-none-eabi/lib/libc.a(libc_a-localeconv.o)
                0x00027da0                _localeconv_r
 .text.localeconv
                0x00027dac        0xc /home/ich/arm-none-eabi/bin/../lib/gcc/arm-none-eabi/13.2.1/../../../../arm-none-eabi/lib/libc.a(libc_a-localeconv.o)
                0x00027dac                localeconv
 .text          0x00027db8        0x0 /home/ich/arm-none-eabi/bin/../lib/gcc/arm-none-eabi/13.2.1/../../../../arm-none-eabi/lib/libc.a(libc_a-fclose.o)
 .text._fclose_r
                0x00027db8      0x154 /home/ich/arm-none-eabi/bin/../lib/gcc/arm-none-eabi/13.2.1/../../../../arm-none-eabi/lib/libc.a(libc_a-fclose.o)
                0x00027db8                _fclose_r
 .text.fclose   0x00027f0c       0x14 /home/ich/arm-none-eabi/bin/../lib/gcc/arm-none-eabi/13.2.1/../../../../arm-none-eabi/lib/libc.a(libc_a-fclose.o)
                0x00027f0c                fclose
 .text          0x00027f20        0x0 /home/ich/arm-none-eabi/bin/../lib/gcc/arm-none-eabi/13.2.1/../../../../arm-none-eabi/lib/libc.a(libc_a-strchr.o)
 .text.strchr   0x00027f20      0x13c /home/ich/arm-none-eabi/bin/../lib/gcc/arm-none-eabi/13.2.1/../../../../arm-none-eabi/lib/libc.a(libc_a-strchr.o)
                0x00027f20                strchr
 .text          0x0002805c        0x0 /home/ich/arm-none-eabi/bin/../lib/gcc/arm-none-eabi/13.2.1/../../../../arm-none-eabi/lib/libc.a(libc_a-realloc.o)
 .text.realloc  0x0002805c       0x28 /home/ich/arm-none-eabi/bin/../lib/gcc/arm-none-eabi/13.2.1/../../../../arm-none-eabi/lib/libc.a(libc_a-realloc.o)
                0x0002805c                realloc
 .text          0x00028084        0x0 /home/ich/arm-none-eabi/bin/../lib/gcc/arm-none-eabi/13.2.1/../../../../arm-none-eabi/lib/libc.a(libc_a-wcsrtombs.o)
 .text._wcsrtombs_r
                0x00028084       0x2c /home/ich/arm-none-eabi/bin/../lib/gcc/arm-none-eabi/13.2.1/../../../../arm-none-eabi/lib/libc.a(libc_a-wcsrtombs.o)
                0x00028084                _wcsrtombs_r
 .text.wcsrtombs
                0x000280b0       0x48 /home/ich/arm-none-eabi/bin/../lib/gcc/arm-none-eabi/13.2.1/../../../../arm-none-eabi/lib/libc.a(libc_a-wcsrtombs.o)
                0x000280b0                wcsrtombs
 .text          0x000280f8        0x0 /home/ich/arm-none-eabi/bin/../lib/gcc/arm-none-eabi/13.2.1/../../../../arm-none-eabi/lib/libc.a(libc_a-dtoa.o)
 .text.quorem   0x000280f8      0x1d8 /home/ich/arm-none-eabi/bin/../lib/gcc/arm-none-eabi/13.2.1/../../../../arm-none-eabi/lib/libc.a(libc_a-dtoa.o)
 .text._dtoa_r  0x000282d0     0x16cc /home/ich/arm-none-eabi/bin/../lib/gcc/arm-none-eabi/13.2.1/../../../../arm-none-eabi/lib/libc.a(libc_a-dtoa.o)
                0x000282d0                _dtoa_r
 .text          0x0002999c        0x0 /home/ich/arm-none-eabi/bin/../lib/gcc/arm-none-eabi/13.2.1/../../../../arm-none-eabi/lib/libc.a(libc_a-closer.o)
 .text._close_r
                0x0002999c       0x3c /home/ich/arm-none-eabi/bin/../lib/gcc/arm-none-eabi/13.2.1/../../../../arm-none-eabi/lib/libc.a(libc_a-closer.o)
                0x0002999c                _close_r
 .text          0x000299d8        0x0 /home/ich/arm-none-eabi/bin/../lib/gcc/arm-none-eabi/13.2.1/../../../../arm-none-eabi/lib/libc.a(libc_a-reent.o)
 .text._reclaim_reent
                0x000299d8       0xa4 /home/ich/arm-none-eabi/bin/../lib/gcc/arm-none-eabi/13.2.1/../../../../arm-none-eabi/lib/libc.a(libc_a-reent.o)
                0x000299d8                _reclaim_reent
 .text          0x00029a7c        0x0 /home/ich/arm-none-eabi/bin/../lib/gcc/arm-none-eabi/13.2.1/../../../../arm-none-eabi/lib/libc.a(libc_a-fflush.o)
 .text.__sflush_r
                0x00029a7c      0x210 /home/ich/arm-none-eabi/bin/../lib/gcc/arm-none-eabi/13.2.1/../../../../arm-none-eabi/lib/libc.a(libc_a-fflush.o)
                0x00029a7c                __sflush_r
 .text._fflush_r
                0x00029c8c       0x9c /home/ich/arm-none-eabi/bin/../lib/gcc/arm-none-eabi/13.2.1/../../../../arm-none-eabi/lib/libc.a(libc_a-fflush.o)
                0x00029c8c                _fflush_r
 .text.fflush   0x00029d28       0xd4 /home/ich/arm-none-eabi/bin/../lib/gcc/arm-none-eabi/13.2.1/../../../../arm-none-eabi/lib/libc.a(libc_a-fflush.o)
                0x00029d28                fflush
 .text          0x00029dfc        0x0 /home/ich/arm-none-eabi/bin/../lib/gcc/arm-none-eabi/13.2.1/../../../../arm-none-eabi/lib/libc.a(libc_a-memchr-stub.o)
 .text.memchr   0x00029dfc       0xf0 /home/ich/arm-none-eabi/bin/../lib/gcc/arm-none-eabi/13.2.1/../../../../arm-none-eabi/lib/libc.a(libc_a-memchr-stub.o)
                0x00029dfc                memchr
 .text          0x00029eec        0x0 /home/ich/arm-none-eabi/bin/../lib/gcc/arm-none-eabi/13.2.1/../../../../arm-none-eabi/lib/libc.a(libc_a-sccl.o)
 .text.__sccl   0x00029eec       0xe4 /home/ich/arm-none-eabi/bin/../lib/gcc/arm-none-eabi/13.2.1/../../../../arm-none-eabi/lib/libc.a(libc_a-sccl.o)
                0x00029eec                __sccl
 .text          0x00029fd0        0x0 /home/ich/arm-none-eabi/bin/../lib/gcc/arm-none-eabi/13.2.1/../../../../arm-none-eabi/lib/libc.a(libm_a-s_frexp.o)
 .text.frexp    0x00029fd0       0xa4 /home/ich/arm-none-eabi/bin/../lib/gcc/arm-none-eabi/13.2.1/../../../../arm-none-eabi/lib/libc.a(libm_a-s_frexp.o)
                0x00029fd0                frexp
 .text          0x0002a074        0x0 /home/ich/arm-none-eabi/bin/../lib/gcc/arm-none-eabi/13.2.1/../../../../arm-none-eabi/lib/libc.a(libc_a-environ.o)
 .text          0x0002a074        0x0 /home/ich/arm-none-eabi/bin/../lib/gcc/arm-none-eabi/13.2.1/../../../../arm-none-eabi/lib/libc.a(libc_a-reallocr.o)
 .text._realloc_r
                0x0002a074      0x4b8 /home/ich/arm-none-eabi/bin/../lib/gcc/arm-none-eabi/13.2.1/../../../../arm-none-eabi/lib/libc.a(libc_a-reallocr.o)
                0x0002a074                _realloc_r
 .text          0x0002a52c        0x0 /home/ich/arm-none-eabi/bin/../lib/gcc/arm-none-eabi/13.2.1/../../../../arm-none-eabi/lib/libc.a(libc_a-envlock.o)
 .text.__env_lock
                0x0002a52c       0x18 /home/ich/arm-none-eabi/bin/../lib/gcc/arm-none-eabi/13.2.1/../../../../arm-none-eabi/lib/libc.a(libc_a-envlock.o)
                0x0002a52c                __env_lock
 .text.__env_unlock
                0x0002a544       0x18 /home/ich/arm-none-eabi/bin/../lib/gcc/arm-none-eabi/13.2.1/../../../../arm-none-eabi/lib/libc.a(libc_a-envlock.o)
                0x0002a544                __env_unlock
 .text          0x0002a55c        0x0 /home/ich/arm-none-eabi/bin/../lib/gcc/arm-none-eabi/13.2.1/../../../../arm-none-eabi/lib/libc.a(libc_a-strlcpy.o)
 .text.strlcpy  0x0002a55c       0x44 /home/ich/arm-none-eabi/bin/../lib/gcc/arm-none-eabi/13.2.1/../../../../arm-none-eabi/lib/libc.a(libc_a-strlcpy.o)
                0x0002a55c                strlcpy
 .text          0x0002a5a0        0x0 /home/ich/arm-none-eabi/bin/../lib/gcc/arm-none-eabi/13.2.1/../../../../arm-none-eabi/lib/libc.a(libc_a-strtol.o)
 .text._strtol_l.part.0
                0x0002a5a0      0x1b4 /home/ich/arm-none-eabi/bin/../lib/gcc/arm-none-eabi/13.2.1/../../../../arm-none-eabi/lib/libc.a(libc_a-strtol.o)
 .text._strtol_r
                0x0002a754       0x3c /home/ich/arm-none-eabi/bin/../lib/gcc/arm-none-eabi/13.2.1/../../../../arm-none-eabi/lib/libc.a(libc_a-strtol.o)
                0x0002a754                _strtol_r
 .text.strtol_l
                0x0002a790       0x5c /home/ich/arm-none-eabi/bin/../lib/gcc/arm-none-eabi/13.2.1/../../../../arm-none-eabi/lib/libc.a(libc_a-strtol.o)
                0x0002a790                strtol_l
 .text.strtol   0x0002a7ec       0x5c /home/ich/arm-none-eabi/bin/../lib/gcc/arm-none-eabi/13.2.1/../../../../arm-none-eabi/lib/libc.a(libc_a-strtol.o)
                0x0002a7ec                strtol
 .text          0x0002a848        0x0 /home/ich/arm-none-eabi/bin/../lib/gcc/arm-none-eabi/13.2.1/../../../../arm-none-eabi/lib/libc.a(libc_a-strncmp.o)
 .text.strncmp  0x0002a848       0xec /home/ich/arm-none-eabi/bin/../lib/gcc/arm-none-eabi/13.2.1/../../../../arm-none-eabi/lib/libc.a(libc_a-strncmp.o)
                0x0002a848                strncmp
 .text          0x0002a934        0x0 /home/ich/arm-none-eabi/bin/../lib/gcc/arm-none-eabi/13.2.1/../../../../arm-none-eabi/lib/libc.a(libc_a-strtoll.o)
 .text._strtoll_l.isra.0
                0x0002a934      0x23c /home/ich/arm-none-eabi/bin/../lib/gcc/arm-none-eabi/13.2.1/../../../../arm-none-eabi/lib/libc.a(libc_a-strtoll.o)
 .text._strtoll_r
                0x0002ab70        0x4 /home/ich/arm-none-eabi/bin/../lib/gcc/arm-none-eabi/13.2.1/../../../../arm-none-eabi/lib/libc.a(libc_a-strtoll.o)
                0x0002ab70                _strtoll_r
 .text.strtoll_l
                0x0002ab74       0x2c /home/ich/arm-none-eabi/bin/../lib/gcc/arm-none-eabi/13.2.1/../../../../arm-none-eabi/lib/libc.a(libc_a-strtoll.o)
                0x0002ab74                strtoll_l
 .text.strtoll  0x0002aba0       0x2c /home/ich/arm-none-eabi/bin/../lib/gcc/arm-none-eabi/13.2.1/../../../../arm-none-eabi/lib/libc.a(libc_a-strtoll.o)
                0x0002aba0                strtoll
 .text          0x0002abcc        0x0 /home/ich/arm-none-eabi/bin/../lib/gcc/arm-none-eabi/13.2.1/../../../../arm-none-eabi/lib/libc.a(libc_a-strncpy.o)
 .text.strncpy  0x0002abcc       0xd0 /home/ich/arm-none-eabi/bin/../lib/gcc/arm-none-eabi/13.2.1/../../../../arm-none-eabi/lib/libc.a(libc_a-strncpy.o)
                0x0002abcc                strncpy
 .text          0x0002ac9c        0x0 /home/ich/arm-none-eabi/bin/../lib/gcc/arm-none-eabi/13.2.1/../../../../arm-none-eabi/lib/libc.a(libc_a-strtoull.o)
 .text._strtoull_l.isra.0
                0x0002ac9c      0x260 /home/ich/arm-none-eabi/bin/../lib/gcc/arm-none-eabi/13.2.1/../../../../arm-none-eabi/lib/libc.a(libc_a-strtoull.o)
 .text._strtoull_r
                0x0002aefc        0x4 /home/ich/arm-none-eabi/bin/../lib/gcc/arm-none-eabi/13.2.1/../../../../arm-none-eabi/lib/libc.a(libc_a-strtoull.o)
                0x0002aefc                _strtoull_r
 .text.strtoull_l
                0x0002af00       0x2c /home/ich/arm-none-eabi/bin/../lib/gcc/arm-none-eabi/13.2.1/../../../../arm-none-eabi/lib/libc.a(libc_a-strtoull.o)
                0x0002af00                strtoull_l
 .text.strtoull
                0x0002af2c       0x2c /home/ich/arm-none-eabi/bin/../lib/gcc/arm-none-eabi/13.2.1/../../../../arm-none-eabi/lib/libc.a(libc_a-strtoull.o)
                0x0002af2c                strtoull
 .text          0x0002af58        0x0 /home/ich/arm-none-eabi/bin/../lib/gcc/arm-none-eabi/13.2.1/../../../../arm-none-eabi/lib/libc.a(libc_a-lseekr.o)
 .text._lseek_r
                0x0002af58       0x48 /home/ich/arm-none-eabi/bin/../lib/gcc/arm-none-eabi/13.2.1/../../../../arm-none-eabi/lib/libc.a(libc_a-lseekr.o)
                0x0002af58                _lseek_r
 .text          0x0002afa0        0x0 /home/ich/arm-none-eabi/bin/../lib/gcc/arm-none-eabi/13.2.1/../../../../arm-none-eabi/lib/libc.a(libc_a-readr.o)
 .text._read_r  0x0002afa0       0x48 /home/ich/arm-none-eabi/bin/../lib/gcc/arm-none-eabi/13.2.1/../../../../arm-none-eabi/lib/libc.a(libc_a-readr.o)
                0x0002afa0                _read_r
 .text          0x0002afe8        0x0 /home/ich/arm-none-eabi/bin/../lib/gcc/arm-none-eabi/13.2.1/../../../../arm-none-eabi/lib/libc.a(libc_a-iswspace.o)
 .text.iswspace
                0x0002afe8       0x14 /home/ich/arm-none-eabi/bin/../lib/gcc/arm-none-eabi/13.2.1/../../../../arm-none-eabi/lib/libc.a(libc_a-iswspace.o)
                0x0002afe8                iswspace
 .text          0x0002affc        0x0 /home/ich/arm-none-eabi/bin/../lib/gcc/arm-none-eabi/13.2.1/../../../../arm-none-eabi/lib/libc.a(libc_a-iswspace_l.o)
 .text.iswspace_l
                0x0002affc       0x44 /home/ich/arm-none-eabi/bin/../lib/gcc/arm-none-eabi/13.2.1/../../../../arm-none-eabi/lib/libc.a(libc_a-iswspace_l.o)
                0x0002affc                iswspace_l
 .text          0x0002b040        0x0 /home/ich/arm-none-eabi/bin/../lib/gcc/arm-none-eabi/13.2.1/../../../../arm-none-eabi/lib/libc.a(libc_a-ungetc.o)
 .text.__submore
                0x0002b040       0xa8 /home/ich/arm-none-eabi/bin/../lib/gcc/arm-none-eabi/13.2.1/../../../../arm-none-eabi/lib/libc.a(libc_a-ungetc.o)
                0x0002b040                __submore
 .text._ungetc_r
                0x0002b0e8      0x20c /home/ich/arm-none-eabi/bin/../lib/gcc/arm-none-eabi/13.2.1/../../../../arm-none-eabi/lib/libc.a(libc_a-ungetc.o)
                0x0002b0e8                _ungetc_r
 .text.ungetc   0x0002b2f4       0x1c /home/ich/arm-none-eabi/bin/../lib/gcc/arm-none-eabi/13.2.1/../../../../arm-none-eabi/lib/libc.a(libc_a-ungetc.o)
                0x0002b2f4                ungetc
 .text          0x0002b310        0x0 /home/ich/arm-none-eabi/bin/../lib/gcc/arm-none-eabi/13.2.1/../../../../arm-none-eabi/lib/libc.a(libc_a-wctomb_r.o)
 .text._wctomb_r
                0x0002b310       0x1c /home/ich/arm-none-eabi/bin/../lib/gcc/arm-none-eabi/13.2.1/../../../../arm-none-eabi/lib/libc.a(libc_a-wctomb_r.o)
                0x0002b310                _wctomb_r
 .text.__ascii_wctomb
                0x0002b32c       0x30 /home/ich/arm-none-eabi/bin/../lib/gcc/arm-none-eabi/13.2.1/../../../../arm-none-eabi/lib/libc.a(libc_a-wctomb_r.o)
                0x0002b32c                __ascii_wctomb
 .text.__utf8_wctomb
                0x0002b35c       0xf4 /home/ich/arm-none-eabi/bin/../lib/gcc/arm-none-eabi/13.2.1/../../../../arm-none-eabi/lib/libc.a(libc_a-wctomb_r.o)
                0x0002b35c                __utf8_wctomb
 .text.__sjis_wctomb
                0x0002b450       0x90 /home/ich/arm-none-eabi/bin/../lib/gcc/arm-none-eabi/13.2.1/../../../../arm-none-eabi/lib/libc.a(libc_a-wctomb_r.o)
                0x0002b450                __sjis_wctomb
 .text.__eucjp_wctomb
                0x0002b4e0       0xb8 /home/ich/arm-none-eabi/bin/../lib/gcc/arm-none-eabi/13.2.1/../../../../arm-none-eabi/lib/libc.a(libc_a-wctomb_r.o)
                0x0002b4e0                __eucjp_wctomb
 .text.__jis_wctomb
                0x0002b598       0xd8 /home/ich/arm-none-eabi/bin/../lib/gcc/arm-none-eabi/13.2.1/../../../../arm-none-eabi/lib/libc.a(libc_a-wctomb_r.o)
                0x0002b598                __jis_wctomb
 .text          0x0002b670        0x0 /home/ich/arm-none-eabi/bin/../lib/gcc/arm-none-eabi/13.2.1/../../../../arm-none-eabi/lib/libc.a(libc_a-categories.o)
 .text.category
                0x0002b670       0x98 /home/ich/arm-none-eabi/bin/../lib/gcc/arm-none-eabi/13.2.1/../../../../arm-none-eabi/lib/libc.a(libc_a-categories.o)
                0x0002b670                category
 .text          0x0002b708        0x0 /home/ich/arm-none-eabi/bin/../lib/gcc/arm-none-eabi/13.2.1/../../../../arm-none-eabi/lib/libc.a(libc_a-svfiprintf.o)
 .text.__ssprint_r
                0x0002b708      0x198 /home/ich/arm-none-eabi/bin/../lib/gcc/arm-none-eabi/13.2.1/../../../../arm-none-eabi/lib/libc.a(libc_a-svfiprintf.o)
                0x0002b708                __ssprint_r
 .text._svfiprintf_r
                0x0002b8a0     0x1534 /home/ich/arm-none-eabi/bin/../lib/gcc/arm-none-eabi/13.2.1/../../../../arm-none-eabi/lib/libc.a(libc_a-svfiprintf.o)
                0x0002b8a0                _svfiprintf_r
 .text          0x0002cdd4        0x0 /home/ich/arm-none-eabi/bin/../lib/gcc/arm-none-eabi/13.2.1/../../../../arm-none-eabi/lib/libc.a(libc_a-jp2uc.o)
 .text.__jp2uc  0x0002cdd4      0x1f0 /home/ich/arm-none-eabi/bin/../lib/gcc/arm-none-eabi/13.2.1/../../../../arm-none-eabi/lib/libc.a(libc_a-jp2uc.o)
 .text._jp2uc_l
                0x0002cfc4       0x94 /home/ich/arm-none-eabi/bin/../lib/gcc/arm-none-eabi/13.2.1/../../../../arm-none-eabi/lib/libc.a(libc_a-jp2uc.o)
                0x0002cfc4                _jp2uc_l
 .text._jp2uc   0x0002d058       0x84 /home/ich/arm-none-eabi/bin/../lib/gcc/arm-none-eabi/13.2.1/../../../../arm-none-eabi/lib/libc.a(libc_a-jp2uc.o)
                0x0002d058                _jp2uc
 .text._uc2jp_l
                0x0002d0dc       0x74 /home/ich/arm-none-eabi/bin/../lib/gcc/arm-none-eabi/13.2.1/../../../../arm-none-eabi/lib/libc.a(libc_a-jp2uc.o)
                0x0002d0dc                _uc2jp_l
 .text          0x0002d150        0x0 /home/ich/arm-none-eabi/bin/../lib/gcc/arm-none-eabi/13.2.1/../../../../arm-none-eabi/lib/libc.a(libc_a-mbtowc_r.o)
 .text._mbtowc_r
                0x0002d150       0x1c /home/ich/arm-none-eabi/bin/../lib/gcc/arm-none-eabi/13.2.1/../../../../arm-none-eabi/lib/libc.a(libc_a-mbtowc_r.o)
                0x0002d150                _mbtowc_r
 .text.__ascii_mbtowc
                0x0002d16c       0x44 /home/ich/arm-none-eabi/bin/../lib/gcc/arm-none-eabi/13.2.1/../../../../arm-none-eabi/lib/libc.a(libc_a-mbtowc_r.o)
                0x0002d16c                __ascii_mbtowc
 .text.__utf8_mbtowc
                0x0002d1b0      0x308 /home/ich/arm-none-eabi/bin/../lib/gcc/arm-none-eabi/13.2.1/../../../../arm-none-eabi/lib/libc.a(libc_a-mbtowc_r.o)
                0x0002d1b0                __utf8_mbtowc
 .text.__sjis_mbtowc
                0x0002d4b8       0xd4 /home/ich/arm-none-eabi/bin/../lib/gcc/arm-none-eabi/13.2.1/../../../../arm-none-eabi/lib/libc.a(libc_a-mbtowc_r.o)
                0x0002d4b8                __sjis_mbtowc
 .text.__eucjp_mbtowc
                0x0002d58c      0x13c /home/ich/arm-none-eabi/bin/../lib/gcc/arm-none-eabi/13.2.1/../../../../arm-none-eabi/lib/libc.a(libc_a-mbtowc_r.o)
                0x0002d58c                __eucjp_mbtowc
 .text.__jis_mbtowc
                0x0002d6c8      0x260 /home/ich/arm-none-eabi/bin/../lib/gcc/arm-none-eabi/13.2.1/../../../../arm-none-eabi/lib/libc.a(libc_a-mbtowc_r.o)
                0x0002d6c8                __jis_mbtowc
 .text          0x0002d928        0x0 /home/ich/arm-none-eabi/bin/../lib/gcc/arm-none-eabi/13.2.1/../../../../arm-none-eabi/lib/libc.a(libc_a-memmove.o)
 .text.memmove  0x0002d928      0x154 /home/ich/arm-none-eabi/bin/../lib/gcc/arm-none-eabi/13.2.1/../../../../arm-none-eabi/lib/libc.a(libc_a-memmove.o)
                0x0002d928                memmove
 .text          0x0002da7c        0x0 /home/ich/arm-none-eabi/bin/../lib/gcc/arm-none-eabi/13.2.1/../../../../arm-none-eabi/lib/libc.a(libc_a-assert.o)
 .text.__assert_func
                0x0002da7c       0x58 /home/ich/arm-none-eabi/bin/../lib/gcc/arm-none-eabi/13.2.1/../../../../arm-none-eabi/lib/libc.a(libc_a-assert.o)
                0x0002da7c                __assert_func
 .text.__assert
                0x0002dad4       0x10 /home/ich/arm-none-eabi/bin/../lib/gcc/arm-none-eabi/13.2.1/../../../../arm-none-eabi/lib/libc.a(libc_a-assert.o)
                0x0002dad4                __assert
 .text          0x0002dae4        0x0 /home/ich/arm-none-eabi/bin/../lib/gcc/arm-none-eabi/13.2.1/../../../../arm-none-eabi/lib/libc.a(libc_a-strcasecmp.o)
 .text.strcasecmp
                0x0002dae4       0x70 /home/ich/arm-none-eabi/bin/../lib/gcc/arm-none-eabi/13.2.1/../../../../arm-none-eabi/lib/libc.a(libc_a-strcasecmp.o)
                0x0002dae4                strcasecmp
 .text          0x0002db54        0x0 /home/ich/arm-none-eabi/bin/../lib/gcc/arm-none-eabi/13.2.1/../../../../arm-none-eabi/lib/libc.a(libc_a-strcat.o)
 .text.strcat   0x0002db54       0x74 /home/ich/arm-none-eabi/bin/../lib/gcc/arm-none-eabi/13.2.1/../../../../arm-none-eabi/lib/libc.a(libc_a-strcat.o)
                0x0002db54                strcat
 .text          0x0002dbc8        0x0 /home/ich/arm-none-eabi/bin/../lib/gcc/arm-none-eabi/13.2.1/../../../../arm-none-eabi/lib/libc.a(libc_a-mprec.o)
 .text._Balloc  0x0002dbc8       0x8c /home/ich/arm-none-eabi/bin/../lib/gcc/arm-none-eabi/13.2.1/../../../../arm-none-eabi/lib/libc.a(libc_a-mprec.o)
                0x0002dbc8                _Balloc
 .text._Bfree   0x0002dc54       0x1c /home/ich/arm-none-eabi/bin/../lib/gcc/arm-none-eabi/13.2.1/../../../../arm-none-eabi/lib/libc.a(libc_a-mprec.o)
                0x0002dc54                _Bfree
 .text.__multadd
                0x0002dc70      0x100 /home/ich/arm-none-eabi/bin/../lib/gcc/arm-none-eabi/13.2.1/../../../../arm-none-eabi/lib/libc.a(libc_a-mprec.o)
                0x0002dc70                __multadd
 .text.__s2b    0x0002dd70      0x114 /home/ich/arm-none-eabi/bin/../lib/gcc/arm-none-eabi/13.2.1/../../../../arm-none-eabi/lib/libc.a(libc_a-mprec.o)
                0x0002dd70                __s2b
 .text.__hi0bits
                0x0002de84       0x60 /home/ich/arm-none-eabi/bin/../lib/gcc/arm-none-eabi/13.2.1/../../../../arm-none-eabi/lib/libc.a(libc_a-mprec.o)
                0x0002de84                __hi0bits
 .text.__lo0bits
                0x0002dee4       0xa0 /home/ich/arm-none-eabi/bin/../lib/gcc/arm-none-eabi/13.2.1/../../../../arm-none-eabi/lib/libc.a(libc_a-mprec.o)
                0x0002dee4                __lo0bits
 .text.__i2b    0x0002df84       0xac /home/ich/arm-none-eabi/bin/../lib/gcc/arm-none-eabi/13.2.1/../../../../arm-none-eabi/lib/libc.a(libc_a-mprec.o)
                0x0002df84                __i2b
 .text.__multiply
                0x0002e030      0x218 /home/ich/arm-none-eabi/bin/../lib/gcc/arm-none-eabi/13.2.1/../../../../arm-none-eabi/lib/libc.a(libc_a-mprec.o)
                0x0002e030                __multiply
 .text.__pow5mult
                0x0002e248      0x12c /home/ich/arm-none-eabi/bin/../lib/gcc/arm-none-eabi/13.2.1/../../../../arm-none-eabi/lib/libc.a(libc_a-mprec.o)
                0x0002e248                __pow5mult
 .text.__lshift
                0x0002e374      0x144 /home/ich/arm-none-eabi/bin/../lib/gcc/arm-none-eabi/13.2.1/../../../../arm-none-eabi/lib/libc.a(libc_a-mprec.o)
                0x0002e374                __lshift
 .text.__mcmp   0x0002e4b8       0x54 /home/ich/arm-none-eabi/bin/../lib/gcc/arm-none-eabi/13.2.1/../../../../arm-none-eabi/lib/libc.a(libc_a-mprec.o)
                0x0002e4b8                __mcmp
 .text.__mdiff  0x0002e50c      0x214 /home/ich/arm-none-eabi/bin/../lib/gcc/arm-none-eabi/13.2.1/../../../../arm-none-eabi/lib/libc.a(libc_a-mprec.o)
                0x0002e50c                __mdiff
 .text.__ulp    0x0002e720       0x64 /home/ich/arm-none-eabi/bin/../lib/gcc/arm-none-eabi/13.2.1/../../../../arm-none-eabi/lib/libc.a(libc_a-mprec.o)
                0x0002e720                __ulp
 .text.__b2d    0x0002e784       0xf0 /home/ich/arm-none-eabi/bin/../lib/gcc/arm-none-eabi/13.2.1/../../../../arm-none-eabi/lib/libc.a(libc_a-mprec.o)
                0x0002e784                __b2d
 .text.__d2b    0x0002e874      0x128 /home/ich/arm-none-eabi/bin/../lib/gcc/arm-none-eabi/13.2.1/../../../../arm-none-eabi/lib/libc.a(libc_a-mprec.o)
                0x0002e874                __d2b
 .text.__ratio  0x0002e99c       0x84 /home/ich/arm-none-eabi/bin/../lib/gcc/arm-none-eabi/13.2.1/../../../../arm-none-eabi/lib/libc.a(libc_a-mprec.o)
                0x0002e99c                __ratio
 .text._mprec_log10
                0x0002ea20       0x5c /home/ich/arm-none-eabi/bin/../lib/gcc/arm-none-eabi/13.2.1/../../../../arm-none-eabi/lib/libc.a(libc_a-mprec.o)
                0x0002ea20                _mprec_log10
 .text.__copybits
                0x0002ea7c       0x8c /home/ich/arm-none-eabi/bin/../lib/gcc/arm-none-eabi/13.2.1/../../../../arm-none-eabi/lib/libc.a(libc_a-mprec.o)
                0x0002ea7c                __copybits
 .text.__any_on
                0x0002eb08       0x5c /home/ich/arm-none-eabi/bin/../lib/gcc/arm-none-eabi/13.2.1/../../../../arm-none-eabi/lib/libc.a(libc_a-mprec.o)
                0x0002eb08                __any_on
 .text          0x0002eb64        0x0 /home/ich/arm-none-eabi/bin/../lib/gcc/arm-none-eabi/13.2.1/../../../../arm-none-eabi/lib/libc.a(libc_a-callocr.o)
 .text._calloc_r
                0x0002eb64       0xd0 /home/ich/arm-none-eabi/bin/../lib/gcc/arm-none-eabi/13.2.1/../../../../arm-none-eabi/lib/libc.a(libc_a-callocr.o)
                0x0002eb64                _calloc_r
 .text          0x0002ec34        0x0 /home/ich/arm-none-eabi/bin/../lib/gcc/arm-none-eabi/13.2.1/../../../../arm-none-eabi/lib/libc.a(libc_a-wcsnrtombs.o)
 .text._wcsnrtombs_l
                0x0002ec34      0x198 /home/ich/arm-none-eabi/bin/../lib/gcc/arm-none-eabi/13.2.1/../../../../arm-none-eabi/lib/libc.a(libc_a-wcsnrtombs.o)
                0x0002ec34                _wcsnrtombs_l
 .text._wcsnrtombs_r
                0x0002edcc       0x40 /home/ich/arm-none-eabi/bin/../lib/gcc/arm-none-eabi/13.2.1/../../../../arm-none-eabi/lib/libc.a(libc_a-wcsnrtombs.o)
                0x0002edcc                _wcsnrtombs_r
 .text.wcsnrtombs
                0x0002ee0c       0x4c /home/ich/arm-none-eabi/bin/../lib/gcc/arm-none-eabi/13.2.1/../../../../arm-none-eabi/lib/libc.a(libc_a-wcsnrtombs.o)
                0x0002ee0c                wcsnrtombs
 .text          0x0002ee58        0x0 /home/ich/arm-none-eabi/bin/../lib/gcc/arm-none-eabi/13.2.1/../../../../arm-none-eabi/lib/libc.a(libc_a-fiprintf.o)
 .text._fiprintf_r
                0x0002ee58       0x2c /home/ich/arm-none-eabi/bin/../lib/gcc/arm-none-eabi/13.2.1/../../../../arm-none-eabi/lib/libc.a(libc_a-fiprintf.o)
                0x0002ee58                _fiprintf_r
 .text.fiprintf
                0x0002ee84       0x3c /home/ich/arm-none-eabi/bin/../lib/gcc/arm-none-eabi/13.2.1/../../../../arm-none-eabi/lib/libc.a(libc_a-fiprintf.o)
                0x0002ee84                fiprintf
 .text          0x0002eec0        0x0 /home/ich/arm-none-eabi/bin/../lib/gcc/arm-none-eabi/13.2.1/../../../../arm-none-eabi/lib/libc.a(libc_a-vfiprintf.o)
 .text.__sprint_r.part.0
                0x0002eec0       0xb0 /home/ich/arm-none-eabi/bin/../lib/gcc/arm-none-eabi/13.2.1/../../../../arm-none-eabi/lib/libc.a(libc_a-vfiprintf.o)
 .text.__sprint_r
                0x0002ef70       0x18 /home/ich/arm-none-eabi/bin/../lib/gcc/arm-none-eabi/13.2.1/../../../../arm-none-eabi/lib/libc.a(libc_a-vfiprintf.o)
                0x0002ef70                __sprint_r
 .text._vfiprintf_r
                0x0002ef88     0x1868 /home/ich/arm-none-eabi/bin/../lib/gcc/arm-none-eabi/13.2.1/../../../../arm-none-eabi/lib/libc.a(libc_a-vfiprintf.o)
                0x0002ef88                _vfiprintf_r
 .text.vfiprintf
                0x000307f0       0x2c /home/ich/arm-none-eabi/bin/../lib/gcc/arm-none-eabi/13.2.1/../../../../arm-none-eabi/lib/libc.a(libc_a-vfiprintf.o)
                0x000307f0                vfiprintf
 .text.__sbprintf
                0x0003081c       0xd4 /home/ich/arm-none-eabi/bin/../lib/gcc/arm-none-eabi/13.2.1/../../../../arm-none-eabi/lib/libc.a(libc_a-vfiprintf.o)
 .text          0x000308f0        0x0 /home/ich/arm-none-eabi/bin/../lib/gcc/arm-none-eabi/13.2.1/../../../../arm-none-eabi/lib/libc.a(libc_a-abort.o)
 .text.abort    0x000308f0       0x14 /home/ich/arm-none-eabi/bin/../lib/gcc/arm-none-eabi/13.2.1/../../../../arm-none-eabi/lib/libc.a(libc_a-abort.o)
                0x000308f0                abort
 .text          0x00030904        0x0 /home/ich/arm-none-eabi/bin/../lib/gcc/arm-none-eabi/13.2.1/../../../../arm-none-eabi/lib/libc.a(libc_a-wsetup.o)
 .text.__swsetup_r
                0x00030904      0x150 /home/ich/arm-none-eabi/bin/../lib/gcc/arm-none-eabi/13.2.1/../../../../arm-none-eabi/lib/libc.a(libc_a-wsetup.o)
                0x00030904                __swsetup_r
 .text          0x00030a54        0x0 /home/ich/arm-none-eabi/bin/../lib/gcc/arm-none-eabi/13.2.1/../../../../arm-none-eabi/lib/libc.a(libc_a-makebuf.o)
 .text.__smakebuf_r
                0x00030a54      0x138 /home/ich/arm-none-eabi/bin/../lib/gcc/arm-none-eabi/13.2.1/../../../../arm-none-eabi/lib/libc.a(libc_a-makebuf.o)
                0x00030a54                __smakebuf_r
 .text.__swhatbuf_r
                0x00030b8c       0x80 /home/ich/arm-none-eabi/bin/../lib/gcc/arm-none-eabi/13.2.1/../../../../arm-none-eabi/lib/libc.a(libc_a-makebuf.o)
                0x00030b8c                __swhatbuf_r
 .text          0x00030c0c        0x0 /home/ich/arm-none-eabi/bin/../lib/gcc/arm-none-eabi/13.2.1/../../../../arm-none-eabi/lib/libc.a(libc_a-fstatr.o)
 .text._fstat_r
                0x00030c0c       0x40 /home/ich/arm-none-eabi/bin/../lib/gcc/arm-none-eabi/13.2.1/../../../../arm-none-eabi/lib/libc.a(libc_a-fstatr.o)
                0x00030c0c                _fstat_r
 .text          0x00030c4c        0x0 /home/ich/arm-none-eabi/bin/../lib/gcc/arm-none-eabi/13.2.1/../../../../arm-none-eabi/lib/libc.a(libc_a-signal.o)
 .text._init_signal_r
                0x00030c4c       0x54 /home/ich/arm-none-eabi/bin/../lib/gcc/arm-none-eabi/13.2.1/../../../../arm-none-eabi/lib/libc.a(libc_a-signal.o)
                0x00030c4c                _init_signal_r
 .text._signal_r
                0x00030ca0       0x84 /home/ich/arm-none-eabi/bin/../lib/gcc/arm-none-eabi/13.2.1/../../../../arm-none-eabi/lib/libc.a(libc_a-signal.o)
                0x00030ca0                _signal_r
 .text._raise_r
                0x00030d24       0x94 /home/ich/arm-none-eabi/bin/../lib/gcc/arm-none-eabi/13.2.1/../../../../arm-none-eabi/lib/libc.a(libc_a-signal.o)
                0x00030d24                _raise_r
 .text.__sigtramp_r
                0x00030db8       0xb4 /home/ich/arm-none-eabi/bin/../lib/gcc/arm-none-eabi/13.2.1/../../../../arm-none-eabi/lib/libc.a(libc_a-signal.o)
                0x00030db8                __sigtramp_r
 .text.raise    0x00030e6c       0x98 /home/ich/arm-none-eabi/bin/../lib/gcc/arm-none-eabi/13.2.1/../../../../arm-none-eabi/lib/libc.a(libc_a-signal.o)
                0x00030e6c                raise
 .text.signal   0x00030f04       0x84 /home/ich/arm-none-eabi/bin/../lib/gcc/arm-none-eabi/13.2.1/../../../../arm-none-eabi/lib/libc.a(libc_a-signal.o)
                0x00030f04                signal
 .text._init_signal
                0x00030f88       0x60 /home/ich/arm-none-eabi/bin/../lib/gcc/arm-none-eabi/13.2.1/../../../../arm-none-eabi/lib/libc.a(libc_a-signal.o)
                0x00030f88                _init_signal
 .text.__sigtramp
                0x00030fe8       0xb4 /home/ich/arm-none-eabi/bin/../lib/gcc/arm-none-eabi/13.2.1/../../../../arm-none-eabi/lib/libc.a(libc_a-signal.o)
                0x00030fe8                __sigtramp
 .text          0x0003109c        0x0 /home/ich/arm-none-eabi/bin/../lib/gcc/arm-none-eabi/13.2.1/../../../../arm-none-eabi/lib/libc.a(libc_a-isattyr.o)
 .text._isatty_r
                0x0003109c       0x3c /home/ich/arm-none-eabi/bin/../lib/gcc/arm-none-eabi/13.2.1/../../../../arm-none-eabi/lib/libc.a(libc_a-isattyr.o)
                0x0003109c                _isatty_r
 .text          0x000310d8        0x0 /home/ich/arm-none-eabi/bin/../lib/gcc/arm-none-eabi/13.2.1/../../../../arm-none-eabi/lib/libc.a(libc_a-fputwc.o)
 .text.__fputwc
                0x000310d8       0xe4 /home/ich/arm-none-eabi/bin/../lib/gcc/arm-none-eabi/13.2.1/../../../../arm-none-eabi/lib/libc.a(libc_a-fputwc.o)
                0x000310d8                __fputwc
 .text._fputwc_r
                0x000311bc       0xa8 /home/ich/arm-none-eabi/bin/../lib/gcc/arm-none-eabi/13.2.1/../../../../arm-none-eabi/lib/libc.a(libc_a-fputwc.o)
                0x000311bc                _fputwc_r
 .text.fputwc   0x00031264       0xc4 /home/ich/arm-none-eabi/bin/../lib/gcc/arm-none-eabi/13.2.1/../../../../arm-none-eabi/lib/libc.a(libc_a-fputwc.o)
                0x00031264                fputwc
 .text          0x00031328        0x0 /home/ich/arm-none-eabi/bin/../lib/gcc/arm-none-eabi/13.2.1/../../../../arm-none-eabi/lib/libc.a(libc_a-signalr.o)
 .text._kill_r  0x00031328       0x40 /home/ich/arm-none-eabi/bin/../lib/gcc/arm-none-eabi/13.2.1/../../../../arm-none-eabi/lib/libc.a(libc_a-signalr.o)
                0x00031328                _kill_r
 .text._getpid_r
                0x00031368       0x10 /home/ich/arm-none-eabi/bin/../lib/gcc/arm-none-eabi/13.2.1/../../../../arm-none-eabi/lib/libc.a(libc_a-signalr.o)
                0x00031368                _getpid_r
 .text          0x00031378        0x0 /home/ich/arm-none-eabi/bin/../lib/gcc/arm-none-eabi/13.2.1/../../../../arm-none-eabi/lib/libc.a(libc_a-fvwrite.o)
 .text.__sfvwrite_r
                0x00031378      0x4c8 /home/ich/arm-none-eabi/bin/../lib/gcc/arm-none-eabi/13.2.1/../../../../arm-none-eabi/lib/libc.a(libc_a-fvwrite.o)
                0x00031378                __sfvwrite_r
 .text          0x00031840        0x0 /home/ich/arm-none-eabi/bin/../lib/gcc/arm-none-eabi/13.2.1/../../../../arm-none-eabi/lib/libc.a(libc_a-wbuf.o)
 .text.__swbuf_r
                0x00031840      0x124 /home/ich/arm-none-eabi/bin/../lib/gcc/arm-none-eabi/13.2.1/../../../../arm-none-eabi/lib/libc.a(libc_a-wbuf.o)
                0x00031840                __swbuf_r
 .text.__swbuf  0x00031964       0x1c /home/ich/arm-none-eabi/bin/../lib/gcc/arm-none-eabi/13.2.1/../../../../arm-none-eabi/lib/libc.a(libc_a-wbuf.o)
                0x00031964                __swbuf
 .text          0x00031980      0x290 /home/ich/arm-none-eabi/bin/../lib/gcc/arm-none-eabi/13.2.1/libgcc.a(_arm_muldf3.o)
 .text          0x00031c10      0x424 /home/ich/arm-none-eabi/bin/../lib/gcc/arm-none-eabi/13.2.1/libgcc.a(_arm_addsubdf3.o)
                0x00031c10                __aeabi_drsub
                0x00031c18                __aeabi_dsub
                0x00031c18                __subdf3
                0x00031c1c                __adddf3
                0x00031c1c                __aeabi_dadd
                0x00031f2c                __aeabi_ui2d
                0x00031f2c                __floatunsidf
                0x00031f50                __floatsidf
                0x00031f50                __aeabi_i2d
                0x00031f78                __extendsfdf2
                0x00031f78                __aeabi_f2d
                0x00031fc0                __aeabi_ul2d
                0x00031fc0                __floatundidf
                0x00031fd4                __floatdidf
                0x00031fd4                __aeabi_l2d
 .text          0x00032034      0x49c /home/ich/arm-none-eabi/bin/../lib/gcc/arm-none-eabi/13.2.1/libgcc.a(_arm_muldivdf3.o)
                0x00032034                __aeabi_dmul
                0x00032034                __muldf3
                0x000322c4                __aeabi_ddiv
                0x000322c4                __divdf3
 .text          0x000324d0      0x144 /home/ich/arm-none-eabi/bin/../lib/gcc/arm-none-eabi/13.2.1/libgcc.a(_arm_cmpdf2.o)
                0x000324d0                __gtdf2
                0x000324d0                __gedf2
                0x000324d8                __ltdf2
                0x000324d8                __ledf2
                0x000324e0                __cmpdf2
                0x000324e0                __eqdf2
                0x000324e0                __nedf2
                0x00032568                __aeabi_cdrcmple
                0x00032584                __aeabi_cdcmple
                0x00032584                __aeabi_cdcmpeq
                0x0003259c                __aeabi_dcmpeq
                0x000325b4                __aeabi_dcmplt
                0x000325cc                __aeabi_dcmple
                0x000325e4                __aeabi_dcmpge
                0x000325fc                __aeabi_dcmpgt
 .text          0x00032614       0x38 /home/ich/arm-none-eabi/bin/../lib/gcc/arm-none-eabi/13.2.1/libgcc.a(_arm_unorddf2.o)
                0x00032614                __aeabi_dcmpun
                0x00032614                __unorddf2
 .text          0x0003264c       0x5c /home/ich/arm-none-eabi/bin/../lib/gcc/arm-none-eabi/13.2.1/libgcc.a(_arm_fixdfsi.o)
                0x0003264c                __fixdfsi
                0x0003264c                __aeabi_d2iz
 *(.rodata*)
 .rodata.str1.4
                0x000326a8     0x30d6 main.o
                                0x18b (size before relaxing)
 *fill*         0x0003577e        0x2 
 .rodata        0x00035780       0x24 main.o
 .rodata        0x000357a4      0x400 ../kernel/libkernel.a(console.o)
 .rodata.str1.4
                0x00035ba4       0x21 ../kernel/libkernel.a(syscalls.o)
 .rodata        0x00035ba4       0x64 ../kernel/libkernel.a(syscalls.o)
 .rodata        0x00035c08      0x1a8 ../kernel/libkernel.a(usb.o)
 .rodata.str1.4
                0x00035db0      0x113 ../kernel/libkernel.a(uspilibrary.o)
 .rodata        0x00035db0        0x5 ../kernel/libkernel.a(uspilibrary.o)
 .rodata.str1.4
                0x00035db5       0x9b ../kernel/libkernel.a(uspios.o)
 .rodata.str1.4
                0x00035db5       0x45 ../kernel/libkernel.a(ff.o)
 *fill*         0x00035db5        0x3 
 .rodata        0x00035db8       0xa4 ../kernel/libkernel.a(ff.o)
 .rodata        0x00035e5c      0x4c0 ../kernel/libkernel.a(ccsbcs.o)
 .rodata.str1.4
                0x0003631c       0xb1 ../kernel/libkernel.a(devicenameservice.o)
 .rodata.str1.4
                0x0003631c      0x58e ../kernel/libkernel.a(dwhcidevice.o)
 .rodata        0x0003631c        0x6 ../kernel/libkernel.a(dwhcidevice.o)
 .rodata.str1.4
                0x00036322       0x99 ../kernel/libkernel.a(dwhciregister.o)
 .rodata.str1.4
                0x00036322       0xfb ../kernel/libkernel.a(dwhcirootport.o)
 *fill*         0x00036322        0x2 
 .rodata        0x00036324        0x7 ../kernel/libkernel.a(dwhcirootport.o)
 .rodata.str1.4
                0x0003632b      0x1d5 ../kernel/libkernel.a(dwhcixferstagedata.o)
 .rodata.str1.4